Component: ARM Compiler 5.06 update 5 (build 528) Tool: armlink [4d35e2]

==============================================================================

Section Cross References

    startup_stm32f103xb.o(RESET) refers to startup_stm32f103xb.o(STACK) for __initial_sp
    startup_stm32f103xb.o(RESET) refers to startup_stm32f103xb.o(.text) for Reset_Handler
    startup_stm32f103xb.o(RESET) refers to stm32f1xx_it.o(i.NMI_Handler) for NMI_Handler
    startup_stm32f103xb.o(RESET) refers to stm32f1xx_it.o(i.HardFault_Handler) for HardFault_Handler
    startup_stm32f103xb.o(RESET) refers to stm32f1xx_it.o(i.MemManage_Handler) for MemManage_Handler
    startup_stm32f103xb.o(RESET) refers to stm32f1xx_it.o(i.BusFault_Handler) for BusFault_Handler
    startup_stm32f103xb.o(RESET) refers to stm32f1xx_it.o(i.UsageFault_Handler) for UsageFault_Handler
    startup_stm32f103xb.o(RESET) refers to port.o(.emb_text) for SVC_Handler
    startup_stm32f103xb.o(RESET) refers to stm32f1xx_it.o(i.DebugMon_Handler) for DebugMon_Handler
    startup_stm32f103xb.o(RESET) refers to port.o(i.SysTick_Handler) for SysTick_Handler
    startup_stm32f103xb.o(RESET) refers to stm32f1xx_it.o(i.DMA1_Channel1_IRQHandler) for DMA1_Channel1_IRQHandler
    startup_stm32f103xb.o(RESET) refers to stm32f1xx_it.o(i.TIM2_IRQHandler) for TIM2_IRQHandler
    startup_stm32f103xb.o(.text) refers to system_stm32f1xx.o(i.SystemInit) for SystemInit
    startup_stm32f103xb.o(.text) refers to entry.o(.ARM.Collect$$$$00000000) for __main
    main.o(i.HAL_ADC_ConvCpltCallback) refers to fft.o(i.FFT_ADC_ConvCpltCallback) for FFT_ADC_ConvCpltCallback
    main.o(i.HAL_TIM_PeriodElapsedCallback) refers to stm32f1xx_hal.o(i.HAL_IncTick) for HAL_IncTick
    main.o(i.MX_ADC1_Init) refers to stm32f1xx_hal_adc.o(i.HAL_ADC_Init) for HAL_ADC_Init
    main.o(i.MX_ADC1_Init) refers to stm32f1xx_hal_adc.o(i.HAL_ADC_ConfigChannel) for HAL_ADC_ConfigChannel
    main.o(i.MX_ADC1_Init) refers to main.o(.bss) for .bss
    main.o(i.MX_SPI1_Init) refers to stm32f1xx_hal_spi.o(i.HAL_SPI_Init) for HAL_SPI_Init
    main.o(i.MX_SPI1_Init) refers to main.o(.bss) for .bss
    main.o(i.MX_TIM3_Init) refers to stm32f1xx_hal_tim.o(i.HAL_TIM_Base_Init) for HAL_TIM_Base_Init
    main.o(i.MX_TIM3_Init) refers to stm32f1xx_hal_tim.o(i.HAL_TIM_ConfigClockSource) for HAL_TIM_ConfigClockSource
    main.o(i.MX_TIM3_Init) refers to stm32f1xx_hal_tim_ex.o(i.HAL_TIMEx_MasterConfigSynchronization) for HAL_TIMEx_MasterConfigSynchronization
    main.o(i.MX_TIM3_Init) refers to main.o(.bss) for .bss
    main.o(i.StartDefaultTask) refers to cmsis_os2.o(i.osDelay) for osDelay
    main.o(i.SystemClock_Config) refers to memseta.o(.text) for __aeabi_memclr4
    main.o(i.SystemClock_Config) refers to stm32f1xx_hal_rcc.o(i.HAL_RCC_OscConfig) for HAL_RCC_OscConfig
    main.o(i.SystemClock_Config) refers to stm32f1xx_hal_rcc.o(i.HAL_RCC_ClockConfig) for HAL_RCC_ClockConfig
    main.o(i.SystemClock_Config) refers to stm32f1xx_hal_rcc_ex.o(i.HAL_RCCEx_PeriphCLKConfig) for HAL_RCCEx_PeriphCLKConfig
    main.o(i.fputc) refers to stm32f1xx_hal_uart.o(i.HAL_UART_Transmit) for HAL_UART_Transmit
    main.o(i.fputc) refers to main.o(.bss) for .bss
    main.o(i.main) refers to stm32f1xx_hal.o(i.HAL_Init) for HAL_Init
    main.o(i.main) refers to main.o(i.SystemClock_Config) for SystemClock_Config
    main.o(i.main) refers to stm32f1xx_hal_gpio.o(i.HAL_GPIO_WritePin) for HAL_GPIO_WritePin
    main.o(i.main) refers to stm32f1xx_hal_gpio.o(i.HAL_GPIO_Init) for HAL_GPIO_Init
    main.o(i.main) refers to stm32f1xx_hal_cortex.o(i.HAL_NVIC_SetPriority) for HAL_NVIC_SetPriority
    main.o(i.main) refers to stm32f1xx_hal_cortex.o(i.HAL_NVIC_EnableIRQ) for HAL_NVIC_EnableIRQ
    main.o(i.main) refers to main.o(i.MX_SPI1_Init) for MX_SPI1_Init
    main.o(i.main) refers to main.o(i.MX_ADC1_Init) for MX_ADC1_Init
    main.o(i.main) refers to main.o(i.MX_TIM3_Init) for MX_TIM3_Init
    main.o(i.main) refers to stm32f1xx_hal_uart.o(i.HAL_UART_Init) for HAL_UART_Init
    main.o(i.main) refers to oled.o(i.oled_init) for oled_init
    main.o(i.main) refers to cmsis_os2.o(i.osKernelInitialize) for osKernelInitialize
    main.o(i.main) refers to cmsis_os2.o(i.osThreadNew) for osThreadNew
    main.o(i.main) refers to tasks.o(i.xTaskCreate) for xTaskCreate
    main.o(i.main) refers to fft.o(i.fft_task_create) for fft_task_create
    main.o(i.main) refers to cmsis_os2.o(i.osKernelStart) for osKernelStart
    main.o(i.main) refers to main.o(.bss) for .bss
    main.o(i.main) refers to main.o(.constdata) for .constdata
    main.o(i.main) refers to main.o(i.StartDefaultTask) for StartDefaultTask
    main.o(i.main) refers to main.o(.data) for .data
    main.o(i.main) refers to main.o(i.oled_task) for oled_task
    main.o(i.oled_cmd_get) refers to main.o(.data) for .data
    main.o(i.oled_cmd_set) refers to main.o(.data) for .data
    main.o(i.oled_task) refers to oled.o(i.oled_refresh) for oled_refresh
[...]
    .text                                    0x080007ba   Section        0  memcpya.o(.text)
    .text                                    0x080007de   Section        0  memseta.o(.text)
    .text                                    0x08000802   Section        0  fadd.o(.text)
    .text                                    0x080008b2   Section        0  fmul.o(.text)
    .text                                    0x08000916   Section        0  fdiv.o(.text)
    .text                                    0x08000992   Section        0  fscalb.o(.text)
    .text                                    0x080009aa   Section        0  dmul.o(.text)
    .text                                    0x08000a8e   Section        0  ddiv.o(.text)
    .text                                    0x08000b6c   Section        0  dscalb.o(.text)
    .text                                    0x08000b9a   Section        0  fflti.o(.text)
    .text                                    0x08000bac   Section        0  dflti.o(.text)
    .text                                    0x08000bce   Section        0  ffixui.o(.text)
    .text                                    0x08000bf6   Section        0  dfixui.o(.text)
    .text                                    0x08000c28   Section        0  f2d.o(.text)
    .text                                    0x08000c50   Section       48  cdcmple.o(.text)
    .text                                    0x08000c80   Section       48  cdrcmple.o(.text)
    .text                                    0x08000cb0   Section        0  d2f.o(.text)
    .text                                    0x08000ce8   Section        0  iusefp.o(.text)
    .text                                    0x08000ce8   Section        0  fepilogue.o(.text)
    .text                                    0x08000d56   Section        0  depilogue.o(.text)
    .text                                    0x08000e10   Section        0  dsqrt.o(.text)
    .text                                    0x08000eb4   Section       36  init.o(.text)
    .text                                    0x08000ed8   Section        0  llshl.o(.text)
    i.ADC_ConversionStop_Disable             0x08000ef8   Section        0  stm32f1xx_hal_adc.o(i.ADC_ConversionStop_Disable)
    i.ADC_DMAConvCplt                        0x08000f44   Section        0  stm32f1xx_hal_adc.o(i.ADC_DMAConvCplt)
    i.ADC_DMAError                           0x08000f92   Section        0  stm32f1xx_hal_adc.o(i.ADC_DMAError)
    i.ADC_DMAHalfConvCplt                    0x08000fac   Section        0  stm32f1xx_hal_adc.o(i.ADC_DMAHalfConvCplt)
    i.ADC_Enable                             0x08000fb8   Section        0  stm32f1xx_hal_adc.o(i.ADC_Enable)
    i.BusFault_Handler                       0x08001028   Section        0  stm32f1xx_it.o(i.BusFault_Handler)
    i.DMA1_Channel1_IRQHandler               0x0800102c   Section        0  stm32f1xx_it.o(i.DMA1_Channel1_IRQHandler)
    i.DMA_SetConfig                          0x08001038   Section        0  stm32f1xx_hal_dma.o(i.DMA_SetConfig)
    DMA_SetConfig                            0x08001039   Thumb Code    42  stm32f1xx_hal_dma.o(i.DMA_SetConfig)
    i.DebugMon_Handler                       0x08001062   Section        0  stm32f1xx_it.o(i.DebugMon_Handler)
    i.Error_Handler                          0x08001064   Section        0  main.o(i.Error_Handler)
    i.FFT_ADC_ConvCpltCallback               0x08001068   Section        0  fft.o(i.FFT_ADC_ConvCpltCallback)
    i.HAL_ADC_ConfigChannel                  0x080010a8   Section        0  stm32f1xx_hal_adc.o(i.HAL_ADC_ConfigChannel)
    i.HAL_ADC_ConvCpltCallback               0x080011a4   Section        0  main.o(i.HAL_ADC_ConvCpltCallback)
    i.HAL_ADC_ConvHalfCpltCallback           0x080011b8   Section        0  stm32f1xx_hal_adc.o(i.HAL_ADC_ConvHalfCpltCallback)
    i.HAL_ADC_ErrorCallback                  0x080011ba   Section        0  stm32f1xx_hal_adc.o(i.HAL_ADC_ErrorCallback)
    i.HAL_ADC_Init                           0x080011bc   Section        0  stm32f1xx_hal_adc.o(i.HAL_ADC_Init)
    i.HAL_ADC_MspInit                        0x080012d8   Section        0  stm32f1xx_hal_msp.o(i.HAL_ADC_MspInit)
    i.HAL_ADC_Start_DMA                      0x08001368   Section        0  stm32f1xx_hal_adc.o(i.HAL_ADC_Start_DMA)
    i.HAL_ADC_Stop_DMA                       0x08001474   Section        0  stm32f1xx_hal_adc.o(i.HAL_ADC_Stop_DMA)
    i.HAL_DMA_Abort                          0x080014ca   Section        0  stm32f1xx_hal_dma.o(i.HAL_DMA_Abort)
    i.HAL_DMA_IRQHandler                     0x08001510   Section        0  stm32f1xx_hal_dma.o(i.HAL_DMA_IRQHandler)
    i.HAL_DMA_Init                           0x08001664   Section        0  stm32f1xx_hal_dma.o(i.HAL_DMA_Init)
    i.HAL_DMA_Start_IT                       0x080016c0   Section        0  stm32f1xx_hal_dma.o(i.HAL_DMA_Start_IT)
    i.HAL_Delay                              0x08001730   Section        0  stm32f1xx_hal.o(i.HAL_Delay)
    i.HAL_GPIO_Init                          0x08001754   Section        0  stm32f1xx_hal_gpio.o(i.HAL_GPIO_Init)
    i.HAL_GPIO_WritePin                      0x08001934   Section        0  stm32f1xx_hal_gpio.o(i.HAL_GPIO_WritePin)
    i.HAL_GetTick                            0x08001940   Section        0  stm32f1xx_hal.o(i.HAL_GetTick)
    i.HAL_IncTick                            0x0800194c   Section        0  stm32f1xx_hal.o(i.HAL_IncTick)
    i.HAL_Init                               0x0800195c   Section        0  stm32f1xx_hal.o(i.HAL_Init)
    i.HAL_InitTick                           0x08001980   Section        0  stm32f1xx_hal_timebase_tim.o(i.HAL_InitTick)
    i.HAL_MspInit                            0x080019f4   Section        0  stm32f1xx_hal_msp.o(i.HAL_MspInit)
    i.HAL_NVIC_EnableIRQ                     0x08001a3c   Section        0  stm32f1xx_hal_cortex.o(i.HAL_NVIC_EnableIRQ)
    i.HAL_NVIC_SetPriority                   0x08001a58   Section        0  stm32f1xx_hal_cortex.o(i.HAL_NVIC_SetPriority)
    i.HAL_NVIC_SetPriorityGrouping           0x08001a98   Section        0  stm32f1xx_hal_cortex.o(i.HAL_NVIC_SetPriorityGrouping)
    i.HAL_RCCEx_PeriphCLKConfig              0x08001abc   Section        0  stm32f1xx_hal_rcc_ex.o(i.HAL_RCCEx_PeriphCLKConfig)
    i.HAL_RCC_ClockConfig                    0x08001ba8   Section        0  stm32f1xx_hal_rcc.o(i.HAL_RCC_ClockConfig)
    i.HAL_RCC_GetClockConfig                 0x08001cd4   Section        0  stm32f1xx_hal_rcc.o(i.HAL_RCC_GetClockConfig)
    i.HAL_RCC_GetPCLK1Freq                   0x08001d14   Section        0  stm32f1xx_hal_rcc.o(i.HAL_RCC_GetPCLK1Freq)
    i.HAL_RCC_GetPCLK2Freq                   0x08001d34   Section        0  stm32f1xx_hal_rcc.o(i.HAL_RCC_GetPCLK2Freq)
    i.HAL_RCC_GetSysClockFreq                0x08001d54   Section        0  stm32f1xx_hal_rcc.o(i.HAL_RCC_GetSysClockFreq)
    i.HAL_RCC_OscConfig                      0x08001dc0   Section        0  stm32f1xx_hal_rcc.o(i.HAL_RCC_OscConfig)
    i.HAL_SPI_Init                           0x080020e0   Section        0  stm32f1xx_hal_spi.o(i.HAL_SPI_Init)
    i.HAL_SPI_MspInit                        0x08002194   Section        0  stm32f1xx_hal_msp.o(i.HAL_SPI_MspInit)
    i.HAL_SPI_Transmit                       0x080021f0   Section        0  stm32f1xx_hal_spi.o(i.HAL_SPI_Transmit)
    i.HAL_TIMEx_BreakCallback                0x08002356   Section        0  stm32f1xx_hal_tim_ex.o(i.HAL_TIMEx_BreakCallback)
    i.HAL_TIMEx_CommutCallback               0x08002358   Section        0  stm32f1xx_hal_tim_ex.o(i.HAL_TIMEx_CommutCallback)
    i.HAL_TIMEx_MasterConfigSynchronization  0x0800235c   Section        0  stm32f1xx_hal_tim_ex.o(i.HAL_TIMEx_MasterConfigSynchronization)
    i.HAL_TIM_Base_Init                      0x080023c4   Section        0  stm32f1xx_hal_tim.o(i.HAL_TIM_Base_Init)
    i.HAL_TIM_Base_MspInit                   0x08002420   Section        0  stm32f1xx_hal_msp.o(i.HAL_TIM_Base_MspInit)
    i.HAL_TIM_Base_Start                     0x08002448   Section        0  stm32f1xx_hal_tim.o(i.HAL_TIM_Base_Start)
    i.HAL_TIM_Base_Start_IT                  0x08002498   Section        0  stm32f1xx_hal_tim.o(i.HAL_TIM_Base_Start_IT)
    i.HAL_TIM_Base_Stop                      0x080024f0   Section        0  stm32f1xx_hal_tim.o(i.HAL_TIM_Base_Stop)
    i.HAL_TIM_ConfigClockSource              0x08002516   Section        0  stm32f1xx_hal_tim.o(i.HAL_TIM_ConfigClockSource)
    i.HAL_TIM_IC_CaptureCallback             0x080025ec   Section        0  stm32f1xx_hal_tim.o(i.HAL_TIM_IC_CaptureCallback)
    i.HAL_TIM_IRQHandler                     0x080025ee   Section        0  stm32f1xx_hal_tim.o(i.HAL_TIM_IRQHandler)
    i.HAL_TIM_OC_DelayElapsedCallback        0x08002754   Section        0  stm32f1xx_hal_tim.o(i.HAL_TIM_OC_DelayElapsedCallback)
    i.HAL_TIM_PWM_PulseFinishedCallback      0x08002756   Section        0  stm32f1xx_hal_tim.o(i.HAL_TIM_PWM_PulseFinishedCallback)
    i.HAL_TIM_PeriodElapsedCallback          0x08002758   Section        0  main.o(i.HAL_TIM_PeriodElapsedCallback)
    i.HAL_TIM_TriggerCallback                0x08002766   Section        0  stm32f1xx_hal_tim.o(i.HAL_TIM_TriggerCallback)
    i.HAL_UART_Init                          0x08002768   Section        0  stm32f1xx_hal_uart.o(i.HAL_UART_Init)
    i.HAL_UART_MspInit                       0x080027cc   Section        0  stm32f1xx_hal_msp.o(i.HAL_UART_MspInit)
    i.HardFault_Handler                      0x0800283c   Section        0  stm32f1xx_it.o(i.HardFault_Handler)
    i.MX_ADC1_Init                           0x08002840   Section        0  main.o(i.MX_ADC1_Init)
    MX_ADC1_Init                             0x08002841   Thumb Code    68  main.o(i.MX_ADC1_Init)
    i.MX_SPI1_Init                           0x0800288c   Section        0  main.o(i.MX_SPI1_Init)
    MX_SPI1_Init                             0x0800288d   Thumb Code    58  main.o(i.MX_SPI1_Init)
    i.MX_TIM3_Init                           0x080028d0   Section        0  main.o(i.MX_TIM3_Init)
    MX_TIM3_Init                             0x080028d1   Thumb Code    94  main.o(i.MX_TIM3_Init)
    i.MemManage_Handler                      0x08002938   Section        0  stm32f1xx_it.o(i.MemManage_Handler)
    i.NMI_Handler                            0x0800293a   Section        0  stm32f1xx_it.o(i.NMI_Handler)
    i.SPI_EndRxTxTransaction                 0x0800293c   Section        0  stm32f1xx_hal_spi.o(i.SPI_EndRxTxTransaction)
    SPI_EndRxTxTransaction                   0x0800293d   Thumb Code    32  stm32f1xx_hal_spi.o(i.SPI_EndRxTxTransaction)
    i.SPI_WaitFlagStateUntilTimeout          0x0800295c   Section        0  stm32f1xx_hal_spi.o(i.SPI_WaitFlagStateUntilTimeout)
    SPI_WaitFlagStateUntilTimeout            0x0800295d   Thumb Code   180  stm32f1xx_hal_spi.o(i.SPI_WaitFlagStateUntilTimeout)
    i.StartDefaultTask                       0x08002a14   Section        0  main.o(i.StartDefaultTask)
    i.SysTick_Handler                        0x08002a1c   Section        0  port.o(i.SysTick_Handler)
    i.SystemClock_Config                     0x08002a48   Section        0  main.o(i.SystemClock_Config)
    i.SystemInit                             0x08002ac0   Section        0  system_stm32f1xx.o(i.SystemInit)
    i.TIM2_IRQHandler                        0x08002ac4   Section        0  stm32f1xx_it.o(i.TIM2_IRQHandler)
    i.TIM_Base_SetConfig                     0x08002ad0   Section        0  stm32f1xx_hal_tim.o(i.TIM_Base_SetConfig)
    i.TIM_ETR_SetConfig                      0x08002b3c   Section        0  stm32f1xx_hal_tim.o(i.TIM_ETR_SetConfig)
    i.TIM_ITRx_SetConfig                     0x08002b50   Section        0  stm32f1xx_hal_tim.o(i.TIM_ITRx_SetConfig)
    TIM_ITRx_SetConfig                       0x08002b51   Thumb Code    16  stm32f1xx_hal_tim.o(i.TIM_ITRx_SetConfig)
    i.TIM_TI1_ConfigInputStage               0x08002b60   Section        0  stm32f1xx_hal_tim.o(i.TIM_TI1_ConfigInputStage)
    TIM_TI1_ConfigInputStage                 0x08002b61   Thumb Code    34  stm32f1xx_hal_tim.o(i.TIM_TI1_ConfigInputStage)
    i.TIM_TI2_ConfigInputStage               0x08002b82   Section        0  stm32f1xx_hal_tim.o(i.TIM_TI2_ConfigInputStage)
    TIM_TI2_ConfigInputStage                 0x08002b83   Thumb Code    36  stm32f1xx_hal_tim.o(i.TIM_TI2_ConfigInputStage)
    i.UART_SetConfig                         0x08002ba8   Section        0  stm32f1xx_hal_uart.o(i.UART_SetConfig)
    UART_SetConfig                           0x08002ba9   Thumb Code   178  stm32f1xx_hal_uart.o(i.UART_SetConfig)
    i.UsageFault_Handler                     0x08002c60   Section        0  stm32f1xx_it.o(i.UsageFault_Handler)
    i.__NVIC_SetPriority                     0x08002c62   Section        0  stm32f1xx_hal_cortex.o(i.__NVIC_SetPriority)
    __NVIC_SetPriority                       0x08002c63   Thumb Code    32  stm32f1xx_hal_cortex.o(i.__NVIC_SetPriority)
    i.__scatterload_copy                     0x08002c82   Section       14  handlers.o(i.__scatterload_copy)
    i.__scatterload_null                     0x08002c90   Section        2  handlers.o(i.__scatterload_null)
    i.__scatterload_zeroinit                 0x08002c92   Section       14  handlers.o(i.__scatterload_zeroinit)
    i.__set_errno                            0x08002ca0   Section        0  errno.o(i.__set_errno)
    i.fft_display0                           0x08002cac   Section        0  fft.o(i.fft_display0)
    i.fft_display1                           0x08002d00   Section        0  fft.o(i.fft_display1)
    i.fft_display2                           0x08002d74   Section        0  fft.o(i.fft_display2)
    i.fft_display3                           0x08002f30   Section        0  fft.o(i.fft_display3)
    i.fft_display4                           0x0800311c   Section        0  fft.o(i.fft_display4)
    i.fft_get_xy                             0x08003178   Section        0  fft.o(i.fft_get_xy)
    fft_get_xy                               0x08003179   Thumb Code    86  fft.o(i.fft_get_xy)
    i.fft_processor                          0x080031d0   Section        0  fft.o(i.fft_processor)
    i.fft_task                               0x0800329c   Section        0  fft.o(i.fft_task)
    i.fft_task_create                        0x08003328   Section        0  fft.o(i.fft_task_create)
    i.main                                   0x08003354   Section        0  main.o(i.main)
    i.oled_clear                             0x0800345c   Section        0  oled.o(i.oled_clear)
    i.oled_cmd_set                           0x08003478   Section        0  main.o(i.oled_cmd_set)
    i.oled_draw_line                         0x08003484   Section        0  oled.o(i.oled_draw_line)
    i.oled_draw_pixel                        0x08003538   Section        0  oled.o(i.oled_draw_pixel)
    i.oled_draw_vline                        0x08003558   Section        0  oled.o(i.oled_draw_vline)
    i.oled_init                              0x08003578   Section        0  oled.o(i.oled_init)
    i.oled_refresh                           0x08003668   Section        0  oled.o(i.oled_refresh)
    i.oled_task                              0x08003680   Section        0  main.o(i.oled_task)
    i.oled_write_byte                        0x08003698   Section        0  oled.o(i.oled_write_byte)
    i.osDelay                                0x080036ac   Section        0  cmsis_os2.o(i.osDelay)
    i.osKernelInitialize                     0x080036e0   Section        0  cmsis_os2.o(i.osKernelInitialize)
    i.osKernelStart                          0x08003718   Section        0  cmsis_os2.o(i.osKernelStart)
    i.osThreadNew                            0x08003758   Section        0  cmsis_os2.o(i.osThreadNew)
    i.prvAddCurrentTaskToDelayedList         0x080037fc   Section        0  tasks.o(i.prvAddCurrentTaskToDelayedList)
    prvAddCurrentTaskToDelayedList           0x080037fd   Thumb Code    84  tasks.o(i.prvAddCurrentTaskToDelayedList)
    i.prvAddNewTaskToReadyList               0x08003858   Section        0  tasks.o(i.prvAddNewTaskToReadyList)
    prvAddNewTaskToReadyList                 0x08003859   Thumb Code   190  tasks.o(i.prvAddNewTaskToReadyList)
    i.prvCheckForValidListAndQueue           0x08003928   Section        0  timers.o(i.prvCheckForValidListAndQueue)
    prvCheckForValidListAndQueue             0x08003929   Thumb Code    72  timers.o(i.prvCheckForValidListAndQueue)
    i.prvCopyDataFromQueue                   0x08003980   Section        0  queue.o(i.prvCopyDataFromQueue)
    prvCopyDataFromQueue                     0x08003981   Thumb Code    38  queue.o(i.prvCopyDataFromQueue)
    i.prvCopyDataToQueue                     0x080039a6   Section        0  queue.o(i.prvCopyDataToQueue)
    prvCopyDataToQueue                       0x080039a7   Thumb Code   108  queue.o(i.prvCopyDataToQueue)
    i.prvDeleteTCB                           0x08003a12   Section        0  tasks.o(i.prvDeleteTCB)
    prvDeleteTCB                             0x08003a13   Thumb Code    52  tasks.o(i.prvDeleteTCB)
    i.prvHeapInit                            0x08003a48   Section        0  heap_4.o(i.prvHeapInit)
    prvHeapInit                              0x08003a49   Thumb Code    66  heap_4.o(i.prvHeapInit)
    i.prvIdleTask                            0x08003a94   Section        0  tasks.o(i.prvIdleTask)
    prvIdleTask                              0x08003a95   Thumb Code    82  tasks.o(i.prvIdleTask)
    i.prvInitialiseNewQueue                  0x08003af4   Section        0  queue.o(i.prvInitialiseNewQueue)
    prvInitialiseNewQueue                    0x08003af5   Thumb Code    34  queue.o(i.prvInitialiseNewQueue)
    i.prvInitialiseNewTask                   0x08003b16   Section        0  tasks.o(i.prvInitialiseNewTask)
    prvInitialiseNewTask                     0x08003b17   Thumb Code   156  tasks.o(i.prvInitialiseNewTask)
    i.prvInsertBlockIntoFreeList             0x08003bb4   Section        0  heap_4.o(i.prvInsertBlockIntoFreeList)
    prvInsertBlockIntoFreeList               0x08003bb5   Thumb Code    72  heap_4.o(i.prvInsertBlockIntoFreeList)
    i.prvInsertTimerInActiveList             0x08003c00   Section        0  timers.o(i.prvInsertTimerInActiveList)
    prvInsertTimerInActiveList               0x08003c01   Thumb Code    52  timers.o(i.prvInsertTimerInActiveList)
    i.prvIsQueueEmpty                        0x08003c38   Section        0  queue.o(i.prvIsQueueEmpty)
    prvIsQueueEmpty                          0x08003c39   Thumb Code    28  queue.o(i.prvIsQueueEmpty)
    i.prvProcessReceivedCommands             0x08003c54   Section        0  timers.o(i.prvProcessReceivedCommands)
    prvProcessReceivedCommands               0x08003c55   Thumb Code   198  timers.o(i.prvProcessReceivedCommands)
    i.prvProcessTimerOrBlockTask             0x08003d20   Section        0  timers.o(i.prvProcessTimerOrBlockTask)
    prvProcessTimerOrBlockTask               0x08003d21   Thumb Code   172  timers.o(i.prvProcessTimerOrBlockTask)
    i.prvResetNextTaskUnblockTime            0x08003dd4   Section        0  tasks.o(i.prvResetNextTaskUnblockTime)
    prvResetNextTaskUnblockTime              0x08003dd5   Thumb Code    26  tasks.o(i.prvResetNextTaskUnblockTime)
    i.prvSampleTimeNow                       0x08003df4   Section        0  timers.o(i.prvSampleTimeNow)
    prvSampleTimeNow                         0x08003df5   Thumb Code    36  timers.o(i.prvSampleTimeNow)
    i.prvSwitchTimerLists                    0x08003e1c   Section        0  timers.o(i.prvSwitchTimerLists)
    prvSwitchTimerLists                      0x08003e1d   Thumb Code   102  timers.o(i.prvSwitchTimerLists)
    i.prvTaskExitError                       0x08003e88   Section        0  port.o(i.prvTaskExitError)
    prvTaskExitError                         0x08003e89   Thumb Code    36  port.o(i.prvTaskExitError)
    i.prvTimerTask                           0x08003eb0   Section        0  timers.o(i.prvTimerTask)
    prvTimerTask                             0x08003eb1   Thumb Code    32  timers.o(i.prvTimerTask)
    i.prvUnlockQueue                         0x08003ed4   Section        0  queue.o(i.prvUnlockQueue)
    prvUnlockQueue                           0x08003ed5   Thumb Code   106  queue.o(i.prvUnlockQueue)
    i.pvPortMalloc                           0x08003f40   Section        0  heap_4.o(i.pvPortMalloc)
    i.pxPortInitialiseStack                  0x08004018   Section        0  port.o(i.pxPortInitialiseStack)
    i.sqrt                                   0x0800403c   Section        0  sqrt.o(i.sqrt)
    i.ulTaskNotifyTake                       0x08004088   Section        0  tasks.o(i.ulTaskNotifyTake)
    i.uxListRemove                           0x080040f0   Section        0  list.o(i.uxListRemove)
    i.vApplicationGetIdleTaskMemory          0x08004118   Section        0  cmsis_os2.o(i.vApplicationGetIdleTaskMemory)
    i.vApplicationGetTimerTaskMemory         0x0800412c   Section        0  cmsis_os2.o(i.vApplicationGetTimerTaskMemory)
    i.vListInitialise                        0x08004144   Section        0  list.o(i.vListInitialise)
    i.vListInitialiseItem                    0x0800415a   Section        0  list.o(i.vListInitialiseItem)
    i.vListInsert                            0x08004160   Section        0  list.o(i.vListInsert)
    i.vListInsertEnd                         0x08004190   Section        0  list.o(i.vListInsertEnd)
    i.vPortEnterCritical                     0x080041a8   Section        0  port.o(i.vPortEnterCritical)
    i.vPortExitCritical                      0x080041e8   Section        0  port.o(i.vPortExitCritical)
    i.vPortFree                              0x08004210   Section        0  heap_4.o(i.vPortFree)
    i.vPortSetupTimerInterrupt               0x0800426c   Section        0  port.o(i.vPortSetupTimerInterrupt)
    i.vPortValidateInterruptPriority         0x08004290   Section        0  port.o(i.vPortValidateInterruptPriority)
    i.vQueueAddToRegistry                    0x080042e4   Section        0  queue.o(i.vQueueAddToRegistry)
    i.vQueueWaitForMessageRestricted         0x0800430c   Section        0  queue.o(i.vQueueWaitForMessageRestricted)
    i.vTaskDelay                             0x08004350   Section        0  tasks.o(i.vTaskDelay)
    i.vTaskInternalSetTimeOutState           0x0800439c   Section        0  tasks.o(i.vTaskInternalSetTimeOutState)
    i.vTaskMissedYield                       0x080043ac   Section        0  tasks.o(i.vTaskMissedYield)
    i.vTaskNotifyGiveFromISR                 0x080043b8   Section        0  tasks.o(i.vTaskNotifyGiveFromISR)
    i.vTaskPlaceOnEventList                  0x08004468   Section        0  tasks.o(i.vTaskPlaceOnEventList)
    i.vTaskPlaceOnEventListRestricted        0x08004498   Section        0  tasks.o(i.vTaskPlaceOnEventListRestricted)
    i.vTaskStartScheduler                    0x080044d0   Section        0  tasks.o(i.vTaskStartScheduler)
    i.vTaskSuspendAll                        0x08004558   Section        0  tasks.o(i.vTaskSuspendAll)
    i.vTaskSwitchContext                     0x08004568   Section        0  tasks.o(i.vTaskSwitchContext)
    i.xPortStartScheduler                    0x080045cc   Section        0  port.o(i.xPortStartScheduler)
    i.xQueueGenericCreateStatic              0x08004674   Section        0  queue.o(i.xQueueGenericCreateStatic)
    i.xQueueGenericReset                     0x080046dc   Section        0  queue.o(i.xQueueGenericReset)
    i.xQueueGenericSend                      0x08004764   Section        0  queue.o(i.xQueueGenericSend)
    i.xQueueGenericSendFromISR               0x080048c4   Section        0  queue.o(i.xQueueGenericSendFromISR)
    i.xQueueReceive                          0x08004980   Section        0  queue.o(i.xQueueReceive)
    i.xTaskCheckForTimeOut                   0x08004ab8   Section        0  tasks.o(i.xTaskCheckForTimeOut)
    i.xTaskCreate                            0x08004b2c   Section        0  tasks.o(i.xTaskCreate)
    i.xTaskCreateStatic                      0x08004b86   Section        0  tasks.o(i.xTaskCreateStatic)
    i.xTaskGetSchedulerState                 0x08004bdc   Section        0  tasks.o(i.xTaskGetSchedulerState)
    i.xTaskGetTickCount                      0x08004bf8   Section        0  tasks.o(i.xTaskGetTickCount)
    i.xTaskIncrementTick                     0x08004c04   Section        0  tasks.o(i.xTaskIncrementTick)
    i.xTaskPriorityDisinherit                0x08004ccc   Section        0  tasks.o(i.xTaskPriorityDisinherit)
    i.xTaskRemoveFromEventList               0x08004d4c   Section        0  tasks.o(i.xTaskRemoveFromEventList)
    i.xTaskResumeAll                         0x08004dbc   Section        0  tasks.o(i.xTaskResumeAll)
    i.xTimerCreateTimerTask                  0x08004e80   Section        0  timers.o(i.xTimerCreateTimerTask)
    i.xTimerGenericCommand                   0x08004ee0   Section        0  timers.o(i.xTimerGenericCommand)
    .constdata                               0x08004f48   Section       36  main.o(.constdata)
    .constdata                               0x08004f6c   Section       16  system_stm32f1xx.o(.constdata)
    .constdata                               0x08004f7c   Section        8  system_stm32f1xx.o(.constdata)
    .constdata                               0x08004f84   Section      148  fft.o(.constdata)
    .conststring                             0x08005018   Section       12  main.o(.conststring)
    .data                                    0x20000000   Section       12  main.o(.data)
    .data                                    0x2000000c   Section       12  stm32f1xx_hal.o(.data)
    .data                                    0x20000018   Section        4  system_stm32f1xx.o(.data)
    .data                                    0x2000001c   Section       60  tasks.o(.data)
    pxDelayedTaskList                        0x20000020   Data           4  tasks.o(.data)
    pxOverflowDelayedTaskList                0x20000024   Data           4  tasks.o(.data)
    uxDeletedTasksWaitingCleanUp             0x20000028   Data           4  tasks.o(.data)
    uxCurrentNumberOfTasks                   0x2000002c   Data           4  tasks.o(.data)
    xTickCount                               0x20000030   Data           4  tasks.o(.data)
    uxTopReadyPriority                       0x20000034   Data           4  tasks.o(.data)
    xSchedulerRunning                        0x20000038   Data           4  tasks.o(.data)
    uxPendedTicks                            0x2000003c   Data           4  tasks.o(.data)
    xYieldPending                            0x20000040   Data           4  tasks.o(.data)
    xNumOfOverflows                          0x20000044   Data           4  tasks.o(.data)
    uxTaskNumber                             0x20000048   Data           4  tasks.o(.data)
    xNextTaskUnblockTime                     0x2000004c   Data           4  tasks.o(.data)
    xIdleTaskHandle                          0x20000050   Data           4  tasks.o(.data)
    uxSchedulerSuspended                     0x20000054   Data           4  tasks.o(.data)
    .data                                    0x20000058   Section       20  timers.o(.data)
    pxCurrentTimerList                       0x20000058   Data           4  timers.o(.data)
    pxOverflowTimerList                      0x2000005c   Data           4  timers.o(.data)
    xTimerQueue                              0x20000060   Data           4  timers.o(.data)
    xTimerTaskHandle                         0x20000064   Data           4  timers.o(.data)
    xLastTime                                0x20000068   Data           4  timers.o(.data)
    .data                                    0x2000006c   Section        4  cmsis_os2.o(.data)
    KernelState                              0x2000006c   Data           4  cmsis_os2.o(.data)
    .data                                    0x20000070   Section       24  heap_4.o(.data)
    pxEnd                                    0x20000070   Data           4  heap_4.o(.data)
    xFreeBytesRemaining                      0x20000074   Data           4  heap_4.o(.data)
    xMinimumEverFreeBytesRemaining           0x20000078   Data           4  heap_4.o(.data)
    xBlockAllocatedBit                       0x2000007c   Data           4  heap_4.o(.data)
    xStart                                   0x20000080   Data           8  heap_4.o(.data)
    .data                                    0x20000088   Section       12  port.o(.data)
    ucMaxSysCallPriority                     0x20000088   Data           1  port.o(.data)
    uxCriticalNesting                        0x2000008c   Data           4  port.o(.data)
    ulMaxPRIGROUPValue                       0x20000090   Data           4  port.o(.data)
    .data                                    0x20000094   Section        4  fft.o(.data)
    .data                                    0x20000098   Section        4  errno.o(.data)
    _errno                                   0x20000098   Data           4  errno.o(.data)
    .bss                                     0x2000009c   Section      272  main.o(.bss)
    .bss                                     0x200001ac   Section       68  main.o(.bss)
    .bss                                     0x200001f0   Section       72  stm32f1xx_hal_timebase_tim.o(.bss)
    .bss                                     0x20000238   Section       64  queue.o(.bss)
    .bss                                     0x20000278   Section     1220  tasks.o(.bss)
    pxReadyTasksLists                        0x20000278   Data        1120  tasks.o(.bss)
    xDelayedTaskList1                        0x200006d8   Data          20  tasks.o(.bss)
    xDelayedTaskList2                        0x200006ec   Data          20  tasks.o(.bss)
    xPendingReadyList                        0x20000700   Data          20  tasks.o(.bss)
    xTasksWaitingTermination                 0x20000714   Data          20  tasks.o(.bss)
    xSuspendedTaskList                       0x20000728   Data          20  tasks.o(.bss)
    .bss                                     0x2000073c   Section      280  timers.o(.bss)
    xActiveTimerList1                        0x2000073c   Data          20  timers.o(.bss)
    xActiveTimerList2                        0x20000750   Data          20  timers.o(.bss)
    xStaticTimerQueue                        0x20000764   Data          80  timers.o(.bss)
    ucStaticTimerQueueStorage                0x200007b4   Data         160  timers.o(.bss)
    .bss                                     0x20000854   Section     1720  cmsis_os2.o(.bss)
    Idle_TCB                                 0x20000854   Data          92  cmsis_os2.o(.bss)
    Idle_Stack                               0x200008b0   Data         512  cmsis_os2.o(.bss)
    Timer_TCB                                0x20000ab0   Data          92  cmsis_os2.o(.bss)
    Timer_Stack                              0x20000b0c   Data        1024  cmsis_os2.o(.bss)
    .bss                                     0x20000f0c   Section     6144  heap_4.o(.bss)
    ucHeap                                   0x20000f0c   Data        6144  heap_4.o(.bss)
    .bss                                     0x2000270c   Section     1024  oled.o(.bss)
    .bss                                     0x20002b0c   Section     3200  fft.o(.bss)
    FFT_Display_FallPointBuffer              0x2000370c   Data         128  fft.o(.bss)
    STACK                                    0x20003790   Section     1024  startup_stm32f103xb.o(STACK)

    Global Symbols

    Symbol Name                              Value     Ov Type        Size  Object(Section)

    BuildAttributes$$THM_ISAv4$P$D$K$B$S$PE$A:L22UL41UL21$X:L11$S22US41US21$IEEE1$IW$USESV6$~STKCKD$USESV7$~SHL$OTIME$ROPI$IEEEJ$EBA8$MICROLIB$REQ8$PRES8$EABIv2 0x00000000   Number         0  anon$$obj.o ABSOLUTE
    __ARM_use_no_argv                        0x00000000   Number         0  main.o ABSOLUTE
    __cpp_initialize__aeabi_                  - Undefined Weak Reference
    __cxa_finalize                            - Undefined Weak Reference
    __decompress                              - Undefined Weak Reference
    _clock_init                               - Undefined Weak Reference
    _microlib_exit                            - Undefined Weak Reference
    __Vectors_Size                           0x000000ec   Number         0  startup_stm32f103xb.o ABSOLUTE
    __Vectors                                0x08000000   Data           4  startup_stm32f103xb.o(RESET)
    __Vectors_End                            0x080000ec   Data           0  startup_stm32f103xb.o(RESET)
    __main                                   0x080000ed   Thumb Code     0  entry.o(.ARM.Collect$$$$00000000)
    _main_stk                                0x080000ed   Thumb Code     0  entry2.o(.ARM.Collect$$$$00000001)
    _main_scatterload                        0x080000f1   Thumb Code     0  entry5.o(.ARM.Collect$$$$00000004)
    __main_after_scatterload                 0x080000f5   Thumb Code     0  entry5.o(.ARM.Collect$$$$00000004)
    _main_clock                              0x080000f5   Thumb Code     0  entry7b.o(.ARM.Collect$$$$00000008)
    _main_cpp_init                           0x080000f5   Thumb Code     0  entry8b.o(.ARM.Collect$$$$0000000A)
    _main_init                               0x080000f5   Thumb Code     0  entry9a.o(.ARM.Collect$$$$0000000B)
    __rt_final_cpp                           0x080000fd   Thumb Code     0  entry10a.o(.ARM.Collect$$$$0000000D)
    __rt_final_exit                          0x080000fd   Thumb Code     0  entry11a.o(.ARM.Collect$$$$0000000F)
    SVC_Handler                              0x08000101   Thumb Code    32  port.o(.emb_text)
    __asm___6_port_c_39a90d8d__prvStartFirstTask 0x08000125   Thumb Code    28  port.o(.emb_text)
    PendSV_Handler                           0x08000145   Thumb Code    72  port.o(.emb_text)
    vPortGetIPSR                             0x08000191   Thumb Code     6  port.o(.emb_text)
    Reset_Handler                            0x08000199   Thumb Code     8  startup_stm32f103xb.o(.text)
    ADC1_2_IRQHandler                        0x080001b3   Thumb Code     0  startup_stm32f103xb.o(.text)
    CAN1_RX1_IRQHandler                      0x080001b3   Thumb Code     0  startup_stm32f103xb.o(.text)
    CAN1_SCE_IRQHandler                      0x080001b3   Thumb Code     0  startup_stm32f103xb.o(.text)
    DMA1_Channel2_IRQHandler                 0x080001b3   Thumb Code     0  startup_stm32f103xb.o(.text)
    DMA1_Channel3_IRQHandler                 0x080001b3   Thumb Code     0  startup_stm32f103xb.o(.text)
    DMA1_Channel4_IRQHandler                 0x080001b3   Thumb Code     0  startup_stm32f103xb.o(.text)
    DMA1_Channel5_IRQHandler                 0x080001b3   Thumb Code     0  startup_stm32f103xb.o(.text)
    DMA1_Channel6_IRQHandler                 0x080001b3   Thumb Code     0  startup_stm32f103xb.o(.text)
    DMA1_Channel7_IRQHandler                 0x080001b3   Thumb Code     0  startup_stm32f103xb.o(.text)
    EXTI0_IRQHandler                         0x080001b3   Thumb Code     0  startup_stm32f103xb.o(.text)
    EXTI15_10_IRQHandler                     0x080001b3   Thumb Code     0  startup_stm32f103xb.o(.text)
    EXTI1_IRQHandler                         0x080001b3   Thumb Code     0  startup_stm32f103xb.o(.text)
    EXTI2_IRQHandler                         0x080001b3   Thumb Code     0  startup_stm32f103xb.o(.text)
    EXTI3_IRQHandler                         0x080001b3   Thumb Code     0  startup_stm32f103xb.o(.text)
    EXTI4_IRQHandler                         0x080001b3   Thumb Code     0  startup_stm32f103xb.o(.text)
    EXTI9_5_IRQHandler                       0x080001b3   Thumb Code     0  startup_stm32f103xb.o(.text)
    FLASH_IRQHandler                         0x080001b3   Thumb Code     0  startup_stm32f103xb.o(.text)
    I2C1_ER_IRQHandler                       0x080001b3   Thumb Code     0  startup_stm32f103xb.o(.text)
    I2C1_EV_IRQHandler                       0x080001b3   Thumb Code     0  startup_stm32f103xb.o(.text)
    I2C2_ER_IRQHandler                       0x080001b3   Thumb Code     0  startup_stm32f103xb.o(.text)
    I2C2_EV_IRQHandler                       0x080001b3   Thumb Code     0  startup_stm32f103xb.o(.text)
    PVD_IRQHandler                           0x080001b3   Thumb Code     0  startup_stm32f103xb.o(.text)
    RCC_IRQHandler                           0x080001b3   Thumb Code     0  startup_stm32f103xb.o(.text)
    RTC_Alarm_IRQHandler                     0x080001b3   Thumb Code     0  startup_stm32f103xb.o(.text)
    RTC_IRQHandler                           0x080001b3   Thumb Code     0  startup_stm32f103xb.o(.text)
    SPI1_IRQHandler                          0x080001b3   Thumb Code     0  startup_stm32f103xb.o(.text)
    SPI2_IRQHandler                          0x080001b3   Thumb Code     0  startup_stm32f103xb.o(.text)
    TAMPER_IRQHandler                        0x080001b3   Thumb Code     0  startup_stm32f103xb.o(.text)
    TIM1_BRK_IRQHandler                      0x080001b3   Thumb Code     0  startup_stm32f103xb.o(.text)
    TIM1_CC_IRQHandler                       0x080001b3   Thumb Code     0  startup_stm32f103xb.o(.text)
    TIM1_TRG_COM_IRQHandler                  0x080001b3   Thumb Code     0  startup_stm32f103xb.o(.text)
    TIM1_UP_IRQHandler                       0x080001b3   Thumb Code     0  startup_stm32f103xb.o(.text)
    TIM3_IRQHandler                          0x080001b3   Thumb Code     0  startup_stm32f103xb.o(.text)
    TIM4_IRQHandler                          0x080001b3   Thumb Code     0  startup_stm32f103xb.o(.text)
    USART1_IRQHandler                        0x080001b3   Thumb Code     0  startup_stm32f103xb.o(.text)
    USART2_IRQHandler                        0x080001b3   Thumb Code     0  startup_stm32f103xb.o(.text)
    USART3_IRQHandler                        0x080001b3   Thumb Code     0  startup_stm32f103xb.o(.text)
    USBWakeUp_IRQHandler                     0x080001b3   Thumb Code     0  startup_stm32f103xb.o(.text)
    USB_HP_CAN1_TX_IRQHandler                0x080001b3   Thumb Code     0  startup_stm32f103xb.o(.text)
    USB_LP_CAN1_RX0_IRQHandler               0x080001b3   Thumb Code     0  startup_stm32f103xb.o(.text)
    WWDG_IRQHandler                          0x080001b3   Thumb Code     0  startup_stm32f103xb.o(.text)
    cr4_fft_256_stm32                        0x080001bd   Thumb Code     0  cr4_fft_256_stm32.o(.text)
    __aeabi_llsr                             0x0800079b   Thumb Code    32  llushr.o(.text)
    _ll_ushift_r                             0x0800079b   Thumb Code     0  llushr.o(.text)
    __aeabi_memcpy                           0x080007bb   Thumb Code    36  memcpya.o(.text)
    __aeabi_memcpy4                          0x080007bb   Thumb Code     0  memcpya.o(.text)
    __aeabi_memcpy8                          0x080007bb   Thumb Code     0  memcpya.o(.text)
    __aeabi_memset                           0x080007df   Thumb Code    14  memseta.o(.text)
    __aeabi_memset4                          0x080007df   Thumb Code     0  memseta.o(.text)
    __aeabi_memset8                          0x080007df   Thumb Code     0  memseta.o(.text)
    __aeabi_memclr                           0x080007ed   Thumb Code     4  memseta.o(.text)
    __aeabi_memclr4                          0x080007ed   Thumb Code     0  memseta.o(.text)
    __aeabi_memclr8                          0x080007ed   Thumb Code     0  memseta.o(.text)
    memset                                   0x080007f1   Thumb Code    18  memseta.o(.text)
    __aeabi_fadd                             0x08000803   Thumb Code   164  fadd.o(.text)
    __aeabi_fsub                             0x080008a7   Thumb Code     6  fadd.o(.text)
    __aeabi_frsub                            0x080008ad   Thumb Code     6  fadd.o(.text)
    __aeabi_fmul                             0x080008b3   Thumb Code   100  fmul.o(.text)
    __aeabi_fdiv                             0x08000917   Thumb Code   124  fdiv.o(.text)
    __ARM_scalbnf                            0x08000993   Thumb Code    24  fscalb.o(.text)
    scalbnf                                  0x08000993   Thumb Code     0  fscalb.o(.text)
    __aeabi_dmul                             0x080009ab   Thumb Code   228  dmul.o(.text)
    __aeabi_ddiv                             0x08000a8f   Thumb Code   222  ddiv.o(.text)
    __ARM_scalbn                             0x08000b6d   Thumb Code    46  dscalb.o(.text)
    scalbn                                   0x08000b6d   Thumb Code     0  dscalb.o(.text)
    __aeabi_i2f                              0x08000b9b   Thumb Code    18  fflti.o(.text)
    __aeabi_i2d                              0x08000bad   Thumb Code    34  dflti.o(.text)
    __aeabi_f2uiz                            0x08000bcf   Thumb Code    40  ffixui.o(.text)
    __aeabi_d2uiz                            0x08000bf7   Thumb Code    50  dfixui.o(.text)
    __aeabi_f2d                              0x08000c29   Thumb Code    38  f2d.o(.text)
    __aeabi_cdcmpeq                          0x08000c51   Thumb Code     0  cdcmple.o(.text)
    __aeabi_cdcmple                          0x08000c51   Thumb Code    48  cdcmple.o(.text)
    __aeabi_cdrcmple                         0x08000c81   Thumb Code    48  cdrcmple.o(.text)
    __aeabi_d2f                              0x08000cb1   Thumb Code    56  d2f.o(.text)
    __I$use$fp                               0x08000ce9   Thumb Code     0  iusefp.o(.text)
    _float_round                             0x08000ce9   Thumb Code    18  fepilogue.o(.text)
    _float_epilogue                          0x08000cfb   Thumb Code    92  fepilogue.o(.text)
    _double_round                            0x08000d57   Thumb Code    30  depilogue.o(.text)
    _double_epilogue                         0x08000d75   Thumb Code   156  depilogue.o(.text)
    _dsqrt                                   0x08000e11   Thumb Code   162  dsqrt.o(.text)
    __scatterload                            0x08000eb5   Thumb Code    28  init.o(.text)
    __scatterload_rt2                        0x08000eb5   Thumb Code     0  init.o(.text)
    __aeabi_llsl                             0x08000ed9   Thumb Code    30  llshl.o(.text)
    _ll_shift_l                              0x08000ed9   Thumb Code     0  llshl.o(.text)
    ADC_ConversionStop_Disable               0x08000ef9   Thumb Code    76  stm32f1xx_hal_adc.o(i.ADC_ConversionStop_Disable)
    ADC_DMAConvCplt                          0x08000f45   Thumb Code    78  stm32f1xx_hal_adc.o(i.ADC_DMAConvCplt)
    ADC_DMAError                             0x08000f93   Thumb Code    26  stm32f1xx_hal_adc.o(i.ADC_DMAError)
    ADC_DMAHalfConvCplt                      0x08000fad   Thumb Code    10  stm32f1xx_hal_adc.o(i.ADC_DMAHalfConvCplt)
    ADC_Enable                               0x08000fb9   Thumb Code   104  stm32f1xx_hal_adc.o(i.ADC_Enable)
    BusFault_Handler                         0x08001029   Thumb Code     2  stm32f1xx_it.o(i.BusFault_Handler)
    DMA1_Channel1_IRQHandler                 0x0800102d   Thumb Code     6  stm32f1xx_it.o(i.DMA1_Channel1_IRQHandler)
    DebugMon_Handler                         0x08001063   Thumb Code     2  stm32f1xx_it.o(i.DebugMon_Handler)
    Error_Handler                            0x08001065   Thumb Code     4  main.o(i.Error_Handler)
    FFT_ADC_ConvCpltCallback                 0x08001069   Thumb Code    48  fft.o(i.FFT_ADC_ConvCpltCallback)
    HAL_ADC_ConfigChannel                    0x080010a9   Thumb Code   240  stm32f1xx_hal_adc.o(i.HAL_ADC_ConfigChannel)
    HAL_ADC_ConvCpltCallback                 0x080011a5   Thumb Code    14  main.o(i.HAL_ADC_ConvCpltCallback)
    HAL_ADC_ConvHalfCpltCallback             0x080011b9   Thumb Code     2  stm32f1xx_hal_adc.o(i.HAL_ADC_ConvHalfCpltCallback)
    HAL_ADC_ErrorCallback                    0x080011bb   Thumb Code     2  stm32f1xx_hal_adc.o(i.HAL_ADC_ErrorCallback)
    HAL_ADC_Init                             0x080011bd   Thumb Code   272  stm32f1xx_hal_adc.o(i.HAL_ADC_Init)
    HAL_ADC_MspInit                          0x080012d9   Thumb Code   122  stm32f1xx_hal_msp.o(i.HAL_ADC_MspInit)
    HAL_ADC_Start_DMA                        0x08001369   Thumb Code   246  stm32f1xx_hal_adc.o(i.HAL_ADC_Start_DMA)
    HAL_ADC_Stop_DMA                         0x08001475   Thumb Code    86  stm32f1xx_hal_adc.o(i.HAL_ADC_Stop_DMA)
    HAL_DMA_Abort                            0x080014cb   Thumb Code    70  stm32f1xx_hal_dma.o(i.HAL_DMA_Abort)
    HAL_DMA_IRQHandler                       0x08001511   Thumb Code   316  stm32f1xx_hal_dma.o(i.HAL_DMA_IRQHandler)
    HAL_DMA_Init                             0x08001665   Thumb Code    84  stm32f1xx_hal_dma.o(i.HAL_DMA_Init)
    HAL_DMA_Start_IT                         0x080016c1   Thumb Code   112  stm32f1xx_hal_dma.o(i.HAL_DMA_Start_IT)
    HAL_Delay                                0x08001731   Thumb Code    32  stm32f1xx_hal.o(i.HAL_Delay)
    HAL_GPIO_Init                            0x08001755   Thumb Code   446  stm32f1xx_hal_gpio.o(i.HAL_GPIO_Init)
    HAL_GPIO_WritePin                        0x08001935   Thumb Code    10  stm32f1xx_hal_gpio.o(i.HAL_GPIO_WritePin)
    HAL_GetTick                              0x08001941   Thumb Code     6  stm32f1xx_hal.o(i.HAL_GetTick)
    HAL_IncTick                              0x0800194d   Thumb Code    12  stm32f1xx_hal.o(i.HAL_IncTick)
    HAL_Init                                 0x0800195d   Thumb Code    32  stm32f1xx_hal.o(i.HAL_Init)
    HAL_InitTick                             0x08001981   Thumb Code   102  stm32f1xx_hal_timebase_tim.o(i.HAL_InitTick)
    HAL_MspInit                              0x080019f5   Thumb Code    62  stm32f1xx_hal_msp.o(i.HAL_MspInit)
    HAL_NVIC_EnableIRQ                       0x08001a3d   Thumb Code    26  stm32f1xx_hal_cortex.o(i.HAL_NVIC_EnableIRQ)
    HAL_NVIC_SetPriority                     0x08001a59   Thumb Code    60  stm32f1xx_hal_cortex.o(i.HAL_NVIC_SetPriority)
    HAL_NVIC_SetPriorityGrouping             0x08001a99   Thumb Code    26  stm32f1xx_hal_cortex.o(i.HAL_NVIC_SetPriorityGrouping)
    HAL_RCCEx_PeriphCLKConfig                0x08001abd   Thumb Code   224  stm32f1xx_hal_rcc_ex.o(i.HAL_RCCEx_PeriphCLKConfig)
    HAL_RCC_ClockConfig                      0x08001ba9   Thumb Code   280  stm32f1xx_hal_rcc.o(i.HAL_RCC_ClockConfig)
    HAL_RCC_GetClockConfig                   0x08001cd5   Thumb Code    54  stm32f1xx_hal_rcc.o(i.HAL_RCC_GetClockConfig)
    HAL_RCC_GetPCLK1Freq                     0x08001d15   Thumb Code    20  stm32f1xx_hal_rcc.o(i.HAL_RCC_GetPCLK1Freq)
    HAL_RCC_GetPCLK2Freq                     0x08001d35   Thumb Code    20  stm32f1xx_hal_rcc.o(i.HAL_RCC_GetPCLK2Freq)
    HAL_RCC_GetSysClockFreq                  0x08001d55   Thumb Code    74  stm32f1xx_hal_rcc.o(i.HAL_RCC_GetSysClockFreq)
    HAL_RCC_OscConfig                        0x08001dc1   Thumb Code   778  stm32f1xx_hal_rcc.o(i.HAL_RCC_OscConfig)
    HAL_SPI_Init                             0x080020e1   Thumb Code   178  stm32f1xx_hal_spi.o(i.HAL_SPI_Init)
    HAL_SPI_MspInit                          0x08002195   Thumb Code    80  stm32f1xx_hal_msp.o(i.HAL_SPI_MspInit)
    HAL_SPI_Transmit                         0x080021f1   Thumb Code   358  stm32f1xx_hal_spi.o(i.HAL_SPI_Transmit)
    HAL_TIMEx_BreakCallback                  0x08002357   Thumb Code     2  stm32f1xx_hal_tim_ex.o(i.HAL_TIMEx_BreakCallback)
    HAL_TIMEx_CommutCallback                 0x08002359   Thumb Code     2  stm32f1xx_hal_tim_ex.o(i.HAL_TIMEx_CommutCallback)
    HAL_TIMEx_MasterConfigSynchronization    0x0800235d   Thumb Code    92  stm32f1xx_hal_tim_ex.o(i.HAL_TIMEx_MasterConfigSynchronization)
    HAL_TIM_Base_Init                        0x080023c5   Thumb Code    90  stm32f1xx_hal_tim.o(i.HAL_TIM_Base_Init)
    HAL_TIM_Base_MspInit                     0x08002421   Thumb Code    30  stm32f1xx_hal_msp.o(i.HAL_TIM_Base_MspInit)
    HAL_TIM_Base_Start                       0x08002449   Thumb Code    66  stm32f1xx_hal_tim.o(i.HAL_TIM_Base_Start)
    HAL_TIM_Base_Start_IT                    0x08002499   Thumb Code    76  stm32f1xx_hal_tim.o(i.HAL_TIM_Base_Start_IT)
    HAL_TIM_Base_Stop                        0x080024f1   Thumb Code    38  stm32f1xx_hal_tim.o(i.HAL_TIM_Base_Stop)
    HAL_TIM_ConfigClockSource                0x08002517   Thumb Code   214  stm32f1xx_hal_tim.o(i.HAL_TIM_ConfigClockSource)
    HAL_TIM_IC_CaptureCallback               0x080025ed   Thumb Code     2  stm32f1xx_hal_tim.o(i.HAL_TIM_IC_CaptureCallback)
    HAL_TIM_IRQHandler                       0x080025ef   Thumb Code   358  stm32f1xx_hal_tim.o(i.HAL_TIM_IRQHandler)
    HAL_TIM_OC_DelayElapsedCallback          0x08002755   Thumb Code     2  stm32f1xx_hal_tim.o(i.HAL_TIM_OC_DelayElapsedCallback)
    HAL_TIM_PWM_PulseFinishedCallback        0x08002757   Thumb Code     2  stm32f1xx_hal_tim.o(i.HAL_TIM_PWM_PulseFinishedCallback)
    HAL_TIM_PeriodElapsedCallback            0x08002759   Thumb Code    14  main.o(i.HAL_TIM_PeriodElapsedCallback)
    HAL_TIM_TriggerCallback                  0x08002767   Thumb Code     2  stm32f1xx_hal_tim.o(i.HAL_TIM_TriggerCallback)
    HAL_UART_Init                            0x08002769   Thumb Code    98  stm32f1xx_hal_uart.o(i.HAL_UART_Init)
    HAL_UART_MspInit                         0x080027cd   Thumb Code   100  stm32f1xx_hal_msp.o(i.HAL_UART_MspInit)
    HardFault_Handler                        0x0800283d   Thumb Code     2  stm32f1xx_it.o(i.HardFault_Handler)
    MemManage_Handler                        0x08002939   Thumb Code     2  stm32f1xx_it.o(i.MemManage_Handler)
    NMI_Handler                              0x0800293b   Thumb Code     2  stm32f1xx_it.o(i.NMI_Handler)
    StartDefaultTask                         0x08002a15   Thumb Code     8  main.o(i.StartDefaultTask)
    SysTick_Handler                          0x08002a1d   Thumb Code    38  port.o(i.SysTick_Handler)
    SystemClock_Config                       0x08002a49   Thumb Code   120  main.o(i.SystemClock_Config)
    SystemInit                               0x08002ac1   Thumb Code     2  system_stm32f1xx.o(i.SystemInit)
    TIM2_IRQHandler                          0x08002ac5   Thumb Code     6  stm32f1xx_it.o(i.TIM2_IRQHandler)
    TIM_Base_SetConfig                       0x08002ad1   Thumb Code    94  stm32f1xx_hal_tim.o(i.TIM_Base_SetConfig)
    TIM_ETR_SetConfig                        0x08002b3d   Thumb Code    20  stm32f1xx_hal_tim.o(i.TIM_ETR_SetConfig)
    UsageFault_Handler                       0x08002c61   Thumb Code     2  stm32f1xx_it.o(i.UsageFault_Handler)
    __scatterload_copy                       0x08002c83   Thumb Code    14  handlers.o(i.__scatterload_copy)
    __scatterload_null                       0x08002c91   Thumb Code     2  handlers.o(i.__scatterload_null)
    __scatterload_zeroinit                   0x08002c93   Thumb Code    14  handlers.o(i.__scatterload_zeroinit)
    __set_errno                              0x08002ca1   Thumb Code     6  errno.o(i.__set_errno)
    fft_display0                             0x08002cad   Thumb Code    78  fft.o(i.fft_display0)
    fft_display1                             0x08002d01   Thumb Code   110  fft.o(i.fft_display1)
    fft_display2                             0x08002d75   Thumb Code   418  fft.o(i.fft_display2)
    fft_display3                             0x08002f31   Thumb Code   470  fft.o(i.fft_display3)
    fft_display4                             0x0800311d   Thumb Code    86  fft.o(i.fft_display4)
    fft_processor                            0x080031d1   Thumb Code   192  fft.o(i.fft_processor)
    fft_task                                 0x0800329d   Thumb Code   120  fft.o(i.fft_task)
    fft_task_create                          0x08003329   Thumb Code    24  fft.o(i.fft_task_create)
    main                                     0x08003355   Thumb Code   220  main.o(i.main)
    oled_clear                               0x0800345d   Thumb Code    24  oled.o(i.oled_clear)
    oled_cmd_set                             0x08003479   Thumb Code     6  main.o(i.oled_cmd_set)
    oled_draw_line                           0x08003485   Thumb Code   178  oled.o(i.oled_draw_line)
    oled_draw_pixel                          0x08003539   Thumb Code    26  oled.o(i.oled_draw_pixel)
    oled_draw_vline                          0x08003559   Thumb Code    30  oled.o(i.oled_draw_vline)
    oled_init                                0x08003579   Thumb Code   234  oled.o(i.oled_init)
    oled_refresh                             0x08003669   Thumb Code    16  oled.o(i.oled_refresh)
    oled_task                                0x08003681   Thumb Code    20  main.o(i.oled_task)
    oled_write_byte                          0x08003699   Thumb Code    16  oled.o(i.oled_write_byte)
    osDelay                                  0x080036ad   Thumb Code    46  cmsis_os2.o(i.osDelay)
    osKernelInitialize                       0x080036e1   Thumb Code    50  cmsis_os2.o(i.osKernelInitialize)
    osKernelStart                            0x08003719   Thumb Code    58  cmsis_os2.o(i.osKernelStart)
    osThreadNew                              0x08003759   Thumb Code   160  cmsis_os2.o(i.osThreadNew)
    pvPortMalloc                             0x08003f41   Thumb Code   210  heap_4.o(i.pvPortMalloc)
    pxPortInitialiseStack                    0x08004019   Thumb Code    32  port.o(i.pxPortInitialiseStack)
    sqrt                                     0x0800403d   Thumb Code    76  sqrt.o(i.sqrt)
    ulTaskNotifyTake                         0x08004089   Thumb Code    96  tasks.o(i.ulTaskNotifyTake)
    uxListRemove                             0x080040f1   Thumb Code    38  list.o(i.uxListRemove)
    vApplicationGetIdleTaskMemory            0x08004119   Thumb Code    16  cmsis_os2.o(i.vApplicationGetIdleTaskMemory)
    vApplicationGetTimerTaskMemory           0x0800412d   Thumb Code    18  cmsis_os2.o(i.vApplicationGetTimerTaskMemory)
    vListInitialise                          0x08004145   Thumb Code    22  list.o(i.vListInitialise)
    vListInitialiseItem                      0x0800415b   Thumb Code     6  list.o(i.vListInitialiseItem)
    vListInsert                              0x08004161   Thumb Code    48  list.o(i.vListInsert)
    vListInsertEnd                           0x08004191   Thumb Code    24  list.o(i.vListInsertEnd)
    vPortEnterCritical                       0x080041a9   Thumb Code    54  port.o(i.vPortEnterCritical)
    vPortExitCritical                        0x080041e9   Thumb Code    34  port.o(i.vPortExitCritical)
    vPortFree                                0x08004211   Thumb Code    88  heap_4.o(i.vPortFree)
    vPortSetupTimerInterrupt                 0x0800426d   Thumb Code    32  port.o(i.vPortSetupTimerInterrupt)
    vPortValidateInterruptPriority           0x08004291   Thumb Code    74  port.o(i.vPortValidateInterruptPriority)
    vQueueAddToRegistry                      0x080042e5   Thumb Code    34  queue.o(i.vQueueAddToRegistry)
    vQueueWaitForMessageRestricted           0x0800430d   Thumb Code    68  queue.o(i.vQueueWaitForMessageRestricted)
    vTaskDelay                               0x08004351   Thumb Code    66  tasks.o(i.vTaskDelay)
    vTaskInternalSetTimeOutState             0x0800439d   Thumb Code    12  tasks.o(i.vTaskInternalSetTimeOutState)
    vTaskMissedYield                         0x080043ad   Thumb Code     8  tasks.o(i.vTaskMissedYield)
    vTaskNotifyGiveFromISR                   0x080043b9   Thumb Code   164  tasks.o(i.vTaskNotifyGiveFromISR)
    vTaskPlaceOnEventList                    0x08004469   Thumb Code    44  tasks.o(i.vTaskPlaceOnEventList)
    vTaskPlaceOnEventListRestricted          0x08004499   Thumb Code    52  tasks.o(i.vTaskPlaceOnEventListRestricted)
    vTaskStartScheduler                      0x080044d1   Thumb Code   118  tasks.o(i.vTaskStartScheduler)
    vTaskSuspendAll                          0x08004559   Thumb Code    10  tasks.o(i.vTaskSuspendAll)
    vTaskSwitchContext                       0x08004569   Thumb Code    90  tasks.o(i.vTaskSwitchContext)
    xPortStartScheduler                      0x080045cd   Thumb Code   154  port.o(i.xPortStartScheduler)
    xQueueGenericCreateStatic                0x08004675   Thumb Code   102  queue.o(i.xQueueGenericCreateStatic)
    xQueueGenericReset                       0x080046dd   Thumb Code   132  queue.o(i.xQueueGenericReset)
    xQueueGenericSend                        0x08004765   Thumb Code   346  queue.o(i.xQueueGenericSend)
    xQueueGenericSendFromISR                 0x080048c5   Thumb Code   188  queue.o(i.xQueueGenericSendFromISR)
    xQueueReceive                            0x08004981   Thumb Code   308  queue.o(i.xQueueReceive)
    xTaskCheckForTimeOut                     0x08004ab9   Thumb Code   112  tasks.o(i.xTaskCheckForTimeOut)
    xTaskCreate                              0x08004b2d   Thumb Code    90  tasks.o(i.xTaskCreate)
    xTaskCreateStatic                        0x08004b87   Thumb Code    86  tasks.o(i.xTaskCreateStatic)
    xTaskGetSchedulerState                   0x08004bdd   Thumb Code    22  tasks.o(i.xTaskGetSchedulerState)
    xTaskGetTickCount                        0x08004bf9   Thumb Code     6  tasks.o(i.xTaskGetTickCount)
    xTaskIncrementTick                       0x08004c05   Thumb Code   190  tasks.o(i.xTaskIncrementTick)
    xTaskPriorityDisinherit                  0x08004ccd   Thumb Code   118  tasks.o(i.xTaskPriorityDisinherit)
    xTaskRemoveFromEventList                 0x08004d4d   Thumb Code    98  tasks.o(i.xTaskRemoveFromEventList)
    xTaskResumeAll                           0x08004dbd   Thumb Code   182  tasks.o(i.xTaskResumeAll)
    xTimerCreateTimerTask                    0x08004e81   Thumb Code    78  timers.o(i.xTimerCreateTimerTask)
    xTimerGenericCommand                     0x08004ee1   Thumb Code    98  timers.o(i.xTimerGenericCommand)
    defaultTask_attributes                   0x08004f48   Data          36  main.o(.constdata)
    AHBPrescTable                            0x08004f6c   Data          16  system_stm32f1xx.o(.constdata)
    APBPrescTable                            0x08004f7c   Data           8  system_stm32f1xx.o(.constdata)
    fft_display_list                         0x08004f84   Data          20  fft.o(.constdata)
    FFT_Display_Slope_Table                  0x08004f98   Data         128  fft.o(.constdata)
    Region$$Table$$Base                      0x08005024   Number         0  anon$$obj.o(Region$$Table)
    Region$$Table$$Limit                     0x08005044   Number         0  anon$$obj.o(Region$$Table)
    OLED_CMD                                 0x20000000   Data           1  main.o(.data)
    defaultTaskHandle                        0x20000004   Data           4  main.o(.data)
    OLEDTask_Handler                         0x20000008   Data           4  main.o(.data)
    uwTickFreq                               0x2000000c   Data           1  stm32f1xx_hal.o(.data)
    uwTickPrio                               0x20000010   Data           4  stm32f1xx_hal.o(.data)
    uwTick                                   0x20000014   Data           4  stm32f1xx_hal.o(.data)
    SystemCoreClock                          0x20000018   Data           4  system_stm32f1xx.o(.data)
    pxCurrentTCB                             0x2000001c   Data           4  tasks.o(.data)
    FFTTask_Handler                          0x20000094   Data           4  fft.o(.data)
    hadc1                                    0x2000009c   Data          48  main.o(.bss)
    hspi1                                    0x200000cc   Data          88  main.o(.bss)
    htim3                                    0x20000124   Data          72  main.o(.bss)
    huart1                                   0x2000016c   Data          64  main.o(.bss)
    hdma_adc1                                0x200001ac   Data          68  main.o(.bss)
    htim2                                    0x200001f0   Data          72  stm32f1xx_hal_timebase_tim.o(.bss)
    xQueueRegistry                           0x20000238   Data          64  queue.o(.bss)
    OLED_BUFFER                              0x2000270c   Data        1024  oled.o(.bss)
    FFT_ADCBuffer                            0x20002b0c   Data        1024  fft.o(.bss)
    FFT_InBuffer                             0x20002f0c   Data        1024  fft.o(.bss)
    FFT_OutBuffer                            0x2000330c   Data         512  fft.o(.bss)
    FFT_ResultBuffer                         0x2000350c   Data         512  fft.o(.bss)
    __initial_sp                             0x20003b90   Data           0  startup_stm32f103xb.o(STACK)



==============================================================================

Memory Map of the image

  Image Entry point : 0x080000ed

  Load Region LR_IROM1 (Base: 0x08000000, Size: 0x000050e0, Max: 0x00010000, ABSOLUTE)

    Execution Region ER_IROM1 (Exec base: 0x08000000, Load base: 0x08000000, Size: 0x00005044, Max: 0x00010000, ABSOLUTE)

    Exec Addr    Load Addr    Size         Type   Attr      Idx    E Section Name        Object

    0x08000000   0x08000000   0x000000ec   Data   RO            3    RESET               startup_stm32f103xb.o
    0x080000ec   0x080000ec   0x00000000   Code   RO         5230  * .ARM.Collect$$$$00000000  mc_w.l(entry.o)
    0x080000ec   0x080000ec   0x00000004   Code   RO         5273    .ARM.Collect$$$$00000001  mc_w.l(entry2.o)
    0x080000f0   0x080000f0   0x00000004   Code   RO         5276    .ARM.Collect$$$$00000004  mc_w.l(entry5.o)
    0x080000f4   0x080000f4   0x00000000   Code   RO         5278    .ARM.Collect$$$$00000008  mc_w.l(entry7b.o)
    0x080000f4   0x080000f4   0x00000000   Code   RO         5280    .ARM.Collect$$$$0000000A  mc_w.l(entry8b.o)
    0x080000f4   0x080000f4   0x00000008   Code   RO         5281    .ARM.Collect$$$$0000000B  mc_w.l(entry9a.o)
    0x080000fc   0x080000fc   0x00000000   Code   RO         5283    .ARM.Collect$$$$0000000D  mc_w.l(entry10a.o)
    0x080000fc   0x080000fc   0x00000000   Code   RO         5285    .ARM.Collect$$$$0000000F  mc_w.l(entry11a.o)
    0x080000fc   0x080000fc   0x00000004   Code   RO         5274    .ARM.Collect$$$$00002712  mc_w.l(entry2.o)
    0x08000100   0x08000100   0x00000096   Code   RO         4944    .emb_text           port.o
    0x08000196   0x08000196   0x00000002   PAD
    0x08000198   0x08000198   0x00000024   Code   RO            4    .text               startup_stm32f103xb.o
    0x080001bc   0x080001bc   0x000005de   Code   RO         5125    .text               cr4_fft_256_stm32.o
    0x0800079a   0x0800079a   0x00000020   Code   RO         5233    .text               mc_w.l(llushr.o)
    0x080007ba   0x080007ba   0x00000024   Code   RO         5235    .text               mc_w.l(memcpya.o)
    0x080007de   0x080007de   0x00000024   Code   RO         5239    .text               mc_w.l(memseta.o)
    0x08000802   0x08000802   0x000000b0   Code   RO         5243    .text               mf_w.l(fadd.o)
    0x080008b2   0x080008b2   0x00000064   Code   RO         5245    .text               mf_w.l(fmul.o)
    0x08000916   0x08000916   0x0000007c   Code   RO         5247    .text               mf_w.l(fdiv.o)
    0x08000992   0x08000992   0x00000018   Code   RO         5249    .text               mf_w.l(fscalb.o)
    0x080009aa   0x080009aa   0x000000e4   Code   RO         5251    .text               mf_w.l(dmul.o)
    0x08000a8e   0x08000a8e   0x000000de   Code   RO         5253    .text               mf_w.l(ddiv.o)
    0x08000b6c   0x08000b6c   0x0000002e   Code   RO         5255    .text               mf_w.l(dscalb.o)
    0x08000b9a   0x08000b9a   0x00000012   Code   RO         5257    .text               mf_w.l(fflti.o)
    0x08000bac   0x08000bac   0x00000022   Code   RO         5259    .text               mf_w.l(dflti.o)
    0x08000bce   0x08000bce   0x00000028   Code   RO         5261    .text               mf_w.l(ffixui.o)
    0x08000bf6   0x08000bf6   0x00000032   Code   RO         5263    .text               mf_w.l(dfixui.o)
    0x08000c28   0x08000c28   0x00000026   Code   RO         5265    .text               mf_w.l(f2d.o)
    0x08000c4e   0x08000c4e   0x00000002   PAD
    0x08000c50   0x08000c50   0x00000030   Code   RO         5267    .text               mf_w.l(cdcmple.o)
    0x08000c80   0x08000c80   0x00000030   Code   RO         5269    .text               mf_w.l(cdrcmple.o)
    0x08000cb0   0x08000cb0   0x00000038   Code   RO         5271    .text               mf_w.l(d2f.o)
    0x08000ce8   0x08000ce8   0x00000000   Code   RO         5294    .text               mc_w.l(iusefp.o)
    0x08000ce8   0x08000ce8   0x0000006e   Code   RO         5295    .text               mf_w.l(fepilogue.o)
    0x08000d56   0x08000d56   0x000000ba   Code   RO         5297    .text               mf_w.l(depilogue.o)
    0x08000e10   0x08000e10   0x000000a2   Code   RO         5299    .text               mf_w.l(dsqrt.o)
    0x08000eb2   0x08000eb2   0x00000002   PAD
    0x08000eb4   0x08000eb4   0x00000024   Code   RO         5301    .text               mc_w.l(init.o)
    0x08000ed8   0x08000ed8   0x0000001e   Code   RO         5303    .text               mc_w.l(llshl.o)
    0x08000ef6   0x08000ef6   0x00000002   PAD
    0x08000ef8   0x08000ef8   0x0000004c   Code   RO          506    i.ADC_ConversionStop_Disable  stm32f1xx_hal_adc.o
    0x08000f44   0x08000f44   0x0000004e   Code   RO          507    i.ADC_DMAConvCplt   stm32f1xx_hal_adc.o
    0x08000f92   0x08000f92   0x0000001a   Code   RO          508    i.ADC_DMAError      stm32f1xx_hal_adc.o
    0x08000fac   0x08000fac   0x0000000a   Code   RO          509    i.ADC_DMAHalfConvCplt  stm32f1xx_hal_adc.o
    0x08000fb6   0x08000fb6   0x00000002   PAD
    0x08000fb8   0x08000fb8   0x00000070   Code   RO          510    i.ADC_Enable        stm32f1xx_hal_adc.o
    0x08001028   0x08001028   0x00000002   Code   RO          288    i.BusFault_Handler  stm32f1xx_it.o
    0x0800102a   0x0800102a   0x00000002   PAD
    0x0800102c   0x0800102c   0x0000000c   Code   RO          289    i.DMA1_Channel1_IRQHandler  stm32f1xx_it.o
    0x08001038   0x08001038   0x0000002a   Code   RO         1160    i.DMA_SetConfig     stm32f1xx_hal_dma.o
    0x08001062   0x08001062   0x00000002   Code   RO          290    i.DebugMon_Handler  stm32f1xx_it.o
    0x08001064   0x08001064   0x00000004   Code   RO           13    i.Error_Handler     main.o
    0x08001068   0x08001068   0x00000040   Code   RO         5202    i.FFT_ADC_ConvCpltCallback  fft.o
    0x080010a8   0x080010a8   0x000000fc   Code   RO          512    i.HAL_ADC_ConfigChannel  stm32f1xx_hal_adc.o
    0x080011a4   0x080011a4   0x00000014   Code   RO           14    i.HAL_ADC_ConvCpltCallback  main.o
    0x080011b8   0x080011b8   0x00000002   Code   RO          514    i.HAL_ADC_ConvHalfCpltCallback  stm32f1xx_hal_adc.o
    0x080011ba   0x080011ba   0x00000002   Code   RO          516    i.HAL_ADC_ErrorCallback  stm32f1xx_hal_adc.o
    0x080011bc   0x080011bc   0x0000011c   Code   RO          521    i.HAL_ADC_Init      stm32f1xx_hal_adc.o
    0x080012d8   0x080012d8   0x00000090   Code   RO          359    i.HAL_ADC_MspInit   stm32f1xx_hal_msp.o
    0x08001368   0x08001368   0x0000010c   Code   RO          528    i.HAL_ADC_Start_DMA  stm32f1xx_hal_adc.o
    0x08001474   0x08001474   0x00000056   Code   RO          531    i.HAL_ADC_Stop_DMA  stm32f1xx_hal_adc.o
    0x080014ca   0x080014ca   0x00000046   Code   RO         1161    i.HAL_DMA_Abort     stm32f1xx_hal_dma.o
    0x08001510   0x08001510   0x00000154   Code   RO         1166    i.HAL_DMA_IRQHandler  stm32f1xx_hal_dma.o
    0x08001664   0x08001664   0x0000005c   Code   RO         1167    i.HAL_DMA_Init      stm32f1xx_hal_dma.o
    0x080016c0   0x080016c0   0x00000070   Code   RO         1171    i.HAL_DMA_Start_IT  stm32f1xx_hal_dma.o
    0x08001730   0x08001730   0x00000024   Code   RO          789    i.HAL_Delay         stm32f1xx_hal.o
    0x08001754   0x08001754   0x000001e0   Code   RO         1097    i.HAL_GPIO_Init     stm32f1xx_hal_gpio.o
    0x08001934   0x08001934   0x0000000a   Code   RO         1101    i.HAL_GPIO_WritePin  stm32f1xx_hal_gpio.o
    0x0800193e   0x0800193e   0x00000002   PAD
    0x08001940   0x08001940   0x0000000c   Code   RO          793    i.HAL_GetTick       stm32f1xx_hal.o
    0x0800194c   0x0800194c   0x00000010   Code   RO          799    i.HAL_IncTick       stm32f1xx_hal.o
    0x0800195c   0x0800195c   0x00000024   Code   RO          800    i.HAL_Init          stm32f1xx_hal.o
    0x08001980   0x08001980   0x00000074   Code   RO          431    i.HAL_InitTick      stm32f1xx_hal_timebase_tim.o
    0x080019f4   0x080019f4   0x00000048   Code   RO          360    i.HAL_MspInit       stm32f1xx_hal_msp.o
    0x08001a3c   0x08001a3c   0x0000001a   Code   RO         1257    i.HAL_NVIC_EnableIRQ  stm32f1xx_hal_cortex.o
    0x08001a56   0x08001a56   0x00000002   PAD
    0x08001a58   0x08001a58   0x00000040   Code   RO         1263    i.HAL_NVIC_SetPriority  stm32f1xx_hal_cortex.o
    0x08001a98   0x08001a98   0x00000024   Code   RO         1264    i.HAL_NVIC_SetPriorityGrouping  stm32f1xx_hal_cortex.o
    0x08001abc   0x08001abc   0x000000ec   Code   RO         1060    i.HAL_RCCEx_PeriphCLKConfig  stm32f1xx_hal_rcc_ex.o
    0x08001ba8   0x08001ba8   0x0000012c   Code   RO          957    i.HAL_RCC_ClockConfig  stm32f1xx_hal_rcc.o
    0x08001cd4   0x08001cd4   0x00000040   Code   RO          961    i.HAL_RCC_GetClockConfig  stm32f1xx_hal_rcc.o
    0x08001d14   0x08001d14   0x00000020   Code   RO          964    i.HAL_RCC_GetPCLK1Freq  stm32f1xx_hal_rcc.o
    0x08001d34   0x08001d34   0x00000020   Code   RO          965    i.HAL_RCC_GetPCLK2Freq  stm32f1xx_hal_rcc.o
    0x08001d54   0x08001d54   0x0000006c   Code   RO          966    i.HAL_RCC_GetSysClockFreq  stm32f1xx_hal_rcc.o
    0x08001dc0   0x08001dc0   0x00000320   Code   RO          969    i.HAL_RCC_OscConfig  stm32f1xx_hal_rcc.o
    0x080020e0   0x080020e0   0x000000b2   Code   RO         1768    i.HAL_SPI_Init      stm32f1xx_hal_spi.o
    0x08002192   0x08002192   0x00000002   PAD
    0x08002194   0x08002194   0x0000005c   Code   RO          362    i.HAL_SPI_MspInit   stm32f1xx_hal_msp.o
    0x080021f0   0x080021f0   0x00000166   Code   RO         1776    i.HAL_SPI_Transmit  stm32f1xx_hal_spi.o
    0x08002356   0x08002356   0x00000002   Code   RO         2785    i.HAL_TIMEx_BreakCallback  stm32f1xx_hal_tim_ex.o
    0x08002358   0x08002358   0x00000002   Code   RO         2786    i.HAL_TIMEx_CommutCallback  stm32f1xx_hal_tim_ex.o
    0x0800235a   0x0800235a   0x00000002   PAD
    0x0800235c   0x0800235c   0x00000068   Code   RO         2804    i.HAL_TIMEx_MasterConfigSynchronization  stm32f1xx_hal_tim_ex.o
    0x080023c4   0x080023c4   0x0000005a   Code   RO         2081    i.HAL_TIM_Base_Init  stm32f1xx_hal_tim.o
    0x0800241e   0x0800241e   0x00000002   PAD
    0x08002420   0x08002420   0x00000028   Code   RO          364    i.HAL_TIM_Base_MspInit  stm32f1xx_hal_msp.o
    0x08002448   0x08002448   0x00000050   Code   RO         2084    i.HAL_TIM_Base_Start  stm32f1xx_hal_tim.o
    0x08002498   0x08002498   0x00000058   Code   RO         2086    i.HAL_TIM_Base_Start_IT  stm32f1xx_hal_tim.o
    0x080024f0   0x080024f0   0x00000026   Code   RO         2087    i.HAL_TIM_Base_Stop  stm32f1xx_hal_tim.o
    0x08002516   0x08002516   0x000000d6   Code   RO         2090    i.HAL_TIM_ConfigClockSource  stm32f1xx_hal_tim.o
    0x080025ec   0x080025ec   0x00000002   Code   RO         2115    i.HAL_TIM_IC_CaptureCallback  stm32f1xx_hal_tim.o
    0x080025ee   0x080025ee   0x00000166   Code   RO         2129    i.HAL_TIM_IRQHandler  stm32f1xx_hal_tim.o
    0x08002754   0x08002754   0x00000002   Code   RO         2132    i.HAL_TIM_OC_DelayElapsedCallback  stm32f1xx_hal_tim.o
    0x08002756   0x08002756   0x00000002   Code   RO         2159    i.HAL_TIM_PWM_PulseFinishedCallback  stm32f1xx_hal_tim.o
    0x08002758   0x08002758   0x0000000e   Code   RO           15    i.HAL_TIM_PeriodElapsedCallback  main.o
    0x08002766   0x08002766   0x00000002   Code   RO         2172    i.HAL_TIM_TriggerCallback  stm32f1xx_hal_tim.o
    0x08002768   0x08002768   0x00000062   Code   RO         3077    i.HAL_UART_Init     stm32f1xx_hal_uart.o
    0x080027ca   0x080027ca   0x00000002   PAD
    0x080027cc   0x080027cc   0x00000070   Code   RO          366    i.HAL_UART_MspInit  stm32f1xx_hal_msp.o
    0x0800283c   0x0800283c   0x00000002   Code   RO          291    i.HardFault_Handler  stm32f1xx_it.o
    0x0800283e   0x0800283e   0x00000002   PAD
    0x08002840   0x08002840   0x0000004c   Code   RO           16    i.MX_ADC1_Init      main.o
    0x0800288c   0x0800288c   0x00000044   Code   RO           17    i.MX_SPI1_Init      main.o
    0x080028d0   0x080028d0   0x00000068   Code   RO           18    i.MX_TIM3_Init      main.o
    0x08002938   0x08002938   0x00000002   Code   RO          292    i.MemManage_Handler  stm32f1xx_it.o
    0x0800293a   0x0800293a   0x00000002   Code   RO          293    i.NMI_Handler       stm32f1xx_it.o
    0x0800293c   0x0800293c   0x00000020   Code   RO         1806    i.SPI_EndRxTxTransaction  stm32f1xx_hal_spi.o
    0x0800295c   0x0800295c   0x000000b8   Code   RO         1811    i.SPI_WaitFlagStateUntilTimeout  stm32f1xx_hal_spi.o
    0x08002a14   0x08002a14   0x00000008   Code   RO           19    i.StartDefaultTask  main.o
    0x08002a1c   0x08002a1c   0x0000002c   Code   RO         4945    i.SysTick_Handler   port.o
    0x08002a48   0x08002a48   0x00000078   Code   RO           20    i.SystemClock_Config  main.o
    0x08002ac0   0x08002ac0   0x00000002   Code   RO         3374    i.SystemInit        system_stm32f1xx.o
    0x08002ac2   0x08002ac2   0x00000002   PAD
    0x08002ac4   0x08002ac4   0x0000000c   Code   RO          294    i.TIM2_IRQHandler   stm32f1xx_it.o
    0x08002ad0   0x08002ad0   0x0000006c   Code   RO         2174    i.TIM_Base_SetConfig  stm32f1xx_hal_tim.o
    0x08002b3c   0x08002b3c   0x00000014   Code   RO         2185    i.TIM_ETR_SetConfig  stm32f1xx_hal_tim.o
    0x08002b50   0x08002b50   0x00000010   Code   RO         2186    i.TIM_ITRx_SetConfig  stm32f1xx_hal_tim.o
    0x08002b60   0x08002b60   0x00000022   Code   RO         2192    i.TIM_TI1_ConfigInputStage  stm32f1xx_hal_tim.o
    0x08002b82   0x08002b82   0x00000024   Code   RO         2194    i.TIM_TI2_ConfigInputStage  stm32f1xx_hal_tim.o
    0x08002ba6   0x08002ba6   0x00000002   PAD
    0x08002ba8   0x08002ba8   0x000000b8   Code   RO         3103    i.UART_SetConfig    stm32f1xx_hal_uart.o
    0x08002c60   0x08002c60   0x00000002   Code   RO          295    i.UsageFault_Handler  stm32f1xx_it.o
    0x08002c62   0x08002c62   0x00000020   Code   RO         1270    i.__NVIC_SetPriority  stm32f1xx_hal_cortex.o
    0x08002c82   0x08002c82   0x0000000e   Code   RO         5307    i.__scatterload_copy  mc_w.l(handlers.o)
    0x08002c90   0x08002c90   0x00000002   Code   RO         5308    i.__scatterload_null  mc_w.l(handlers.o)
    0x08002c92   0x08002c92   0x0000000e   Code   RO         5309    i.__scatterload_zeroinit  mc_w.l(handlers.o)
    0x08002ca0   0x08002ca0   0x0000000c   Code   RO         5289    i.__set_errno       mc_w.l(errno.o)
    0x08002cac   0x08002cac   0x00000054   Code   RO         5131    i.fft_display0      fft.o
    0x08002d00   0x08002d00   0x00000074   Code   RO         5132    i.fft_display1      fft.o
    0x08002d74   0x08002d74   0x000001bc   Code   RO         5133    i.fft_display2      fft.o
    0x08002f30   0x08002f30   0x000001ec   Code   RO         5134    i.fft_display3      fft.o
    0x0800311c   0x0800311c   0x0000005c   Code   RO         5135    i.fft_display4      fft.o
    0x08003178   0x08003178   0x00000056   Code   RO         5136    i.fft_get_xy        fft.o
    0x080031ce   0x080031ce   0x00000002   PAD
    0x080031d0   0x080031d0   0x000000cc   Code   RO         5137    i.fft_processor     fft.o
    0x0800329c   0x0800329c   0x0000008c   Code   RO         5138    i.fft_task          fft.o
    0x08003328   0x08003328   0x0000002c   Code   RO         5139    i.fft_task_create   fft.o
    0x08003354   0x08003354   0x00000108   Code   RO           22    i.main              main.o
    0x0800345c   0x0800345c   0x0000001c   Code   RO         5024    i.oled_clear        oled.o
    0x08003478   0x08003478   0x0000000c   Code   RO           24    i.oled_cmd_set      main.o
    0x08003484   0x08003484   0x000000b2   Code   RO         5031    i.oled_draw_line    oled.o
    0x08003536   0x08003536   0x00000002   PAD
    0x08003538   0x08003538   0x00000020   Code   RO         5032    i.oled_draw_pixel   oled.o
    0x08003558   0x08003558   0x0000001e   Code   RO         5034    i.oled_draw_vline   oled.o
    0x08003576   0x08003576   0x00000002   PAD
    0x08003578   0x08003578   0x000000f0   Code   RO         5035    i.oled_init         oled.o
    0x08003668   0x08003668   0x00000018   Code   RO         5036    i.oled_refresh      oled.o
    0x08003680   0x08003680   0x00000018   Code   RO           25    i.oled_task         main.o
    0x08003698   0x08003698   0x00000014   Code   RO         5037    i.oled_write_byte   oled.o
    0x080036ac   0x080036ac   0x00000034   Code   RO         4477    i.osDelay           cmsis_os2.o
    0x080036e0   0x080036e0   0x00000038   Code   RO         4491    i.osKernelInitialize  cmsis_os2.o
    0x08003718   0x08003718   0x00000040   Code   RO         4494    i.osKernelStart     cmsis_os2.o
    0x08003758   0x08003758   0x000000a4   Code   RO         4528    i.osThreadNew       cmsis_os2.o
    0x080037fc   0x080037fc   0x0000005c   Code   RO         3973    i.prvAddCurrentTaskToDelayedList  tasks.o
    0x08003858   0x08003858   0x000000d0   Code   RO         3974    i.prvAddNewTaskToReadyList  tasks.o
    0x08003928   0x08003928   0x00000058   Code   RO         4323    i.prvCheckForValidListAndQueue  timers.o
    0x08003980   0x08003980   0x00000026   Code   RO         3579    i.prvCopyDataFromQueue  queue.o
    0x080039a6   0x080039a6   0x0000006c   Code   RO         3580    i.prvCopyDataToQueue  queue.o
    0x08003a12   0x08003a12   0x00000034   Code   RO         3975    i.prvDeleteTCB      tasks.o
    0x08003a46   0x08003a46   0x00000002   PAD
    0x08003a48   0x08003a48   0x0000004c   Code   RO         4895    i.prvHeapInit       heap_4.o
    0x08003a94   0x08003a94   0x00000060   Code   RO         3976    i.prvIdleTask       tasks.o
    0x08003af4   0x08003af4   0x00000022   Code   RO         3582    i.prvInitialiseNewQueue  queue.o
    0x08003b16   0x08003b16   0x0000009c   Code   RO         3977    i.prvInitialiseNewTask  tasks.o
    0x08003bb2   0x08003bb2   0x00000002   PAD
    0x08003bb4   0x08003bb4   0x0000004c   Code   RO         4896    i.prvInsertBlockIntoFreeList  heap_4.o
    0x08003c00   0x08003c00   0x00000038   Code   RO         4325    i.prvInsertTimerInActiveList  timers.o
    0x08003c38   0x08003c38   0x0000001c   Code   RO         3583    i.prvIsQueueEmpty   queue.o
    0x08003c54   0x08003c54   0x000000cc   Code   RO         4326    i.prvProcessReceivedCommands  timers.o
    0x08003d20   0x08003d20   0x000000b4   Code   RO         4327    i.prvProcessTimerOrBlockTask  timers.o
    0x08003dd4   0x08003dd4   0x00000020   Code   RO         3979    i.prvResetNextTaskUnblockTime  tasks.o
    0x08003df4   0x08003df4   0x00000028   Code   RO         4328    i.prvSampleTimeNow  timers.o
    0x08003e1c   0x08003e1c   0x0000006c   Code   RO         4329    i.prvSwitchTimerLists  timers.o
    0x08003e88   0x08003e88   0x00000028   Code   RO         4946    i.prvTaskExitError  port.o
    0x08003eb0   0x08003eb0   0x00000024   Code   RO         4330    i.prvTimerTask      timers.o
    0x08003ed4   0x08003ed4   0x0000006a   Code   RO         3584    i.prvUnlockQueue    queue.o
    0x08003f3e   0x08003f3e   0x00000002   PAD
    0x08003f40   0x08003f40   0x000000d8   Code   RO         4897    i.pvPortMalloc      heap_4.o
    0x08004018   0x08004018   0x00000024   Code   RO         4947    i.pxPortInitialiseStack  port.o
    0x0800403c   0x0800403c   0x0000004c   Code   RO         5223    i.sqrt              m_ws.l(sqrt.o)
    0x08004088   0x08004088   0x00000068   Code   RO         3983    i.ulTaskNotifyTake  tasks.o
    0x080040f0   0x080040f0   0x00000026   Code   RO         3539    i.uxListRemove      list.o
    0x08004116   0x08004116   0x00000002   PAD
    0x08004118   0x08004118   0x00000014   Code   RO         4540    i.vApplicationGetIdleTaskMemory  cmsis_os2.o
    0x0800412c   0x0800412c   0x00000018   Code   RO         4541    i.vApplicationGetTimerTaskMemory  cmsis_os2.o
    0x08004144   0x08004144   0x00000016   Code   RO         3540    i.vListInitialise   list.o
    0x0800415a   0x0800415a   0x00000006   Code   RO         3541    i.vListInitialiseItem  list.o
    0x08004160   0x08004160   0x00000030   Code   RO         3542    i.vListInsert       list.o
    0x08004190   0x08004190   0x00000018   Code   RO         3543    i.vListInsertEnd    list.o
    0x080041a8   0x080041a8   0x00000040   Code   RO         4949    i.vPortEnterCritical  port.o
    0x080041e8   0x080041e8   0x00000028   Code   RO         4950    i.vPortExitCritical  port.o
    0x08004210   0x08004210   0x0000005c   Code   RO         4898    i.vPortFree         heap_4.o
    0x0800426c   0x0800426c   0x00000024   Code   RO         4951    i.vPortSetupTimerInterrupt  port.o
    0x08004290   0x08004290   0x00000054   Code   RO         4952    i.vPortValidateInterruptPriority  port.o
    0x080042e4   0x080042e4   0x00000028   Code   RO         3590    i.vQueueAddToRegistry  queue.o
    0x0800430c   0x0800430c   0x00000044   Code   RO         3594    i.vQueueWaitForMessageRestricted  queue.o
    0x08004350   0x08004350   0x0000004c   Code   RO         3991    i.vTaskDelay        tasks.o
    0x0800439c   0x0800439c   0x00000010   Code   RO         3996    i.vTaskInternalSetTimeOutState  tasks.o
    0x080043ac   0x080043ac   0x0000000c   Code   RO         3997    i.vTaskMissedYield  tasks.o
    0x080043b8   0x080043b8   0x000000b0   Code   RO         3998    i.vTaskNotifyGiveFromISR  tasks.o
    0x08004468   0x08004468   0x00000030   Code   RO         3999    i.vTaskPlaceOnEventList  tasks.o
    0x08004498   0x08004498   0x00000038   Code   RO         4000    i.vTaskPlaceOnEventListRestricted  tasks.o
    0x080044d0   0x080044d0   0x00000088   Code   RO         4008    i.vTaskStartScheduler  tasks.o
    0x08004558   0x08004558   0x00000010   Code   RO         4010    i.vTaskSuspendAll   tasks.o
    0x08004568   0x08004568   0x00000064   Code   RO         4011    i.vTaskSwitchContext  tasks.o
    0x080045cc   0x080045cc   0x000000a8   Code   RO         4953    i.xPortStartScheduler  port.o
    0x08004674   0x08004674   0x00000066   Code   RO         3600    i.xQueueGenericCreateStatic  queue.o
    0x080046da   0x080046da   0x00000002   PAD
    0x080046dc   0x080046dc   0x00000088   Code   RO         3601    i.xQueueGenericReset  queue.o
    0x08004764   0x08004764   0x00000160   Code   RO         3602    i.xQueueGenericSend  queue.o
    0x080048c4   0x080048c4   0x000000bc   Code   RO         3603    i.xQueueGenericSendFromISR  queue.o
    0x08004980   0x08004980   0x00000138   Code   RO         3612    i.xQueueReceive     queue.o
    0x08004ab8   0x08004ab8   0x00000074   Code   RO         4012    i.xTaskCheckForTimeOut  tasks.o
    0x08004b2c   0x08004b2c   0x0000005a   Code   RO         4013    i.xTaskCreate       tasks.o
    0x08004b86   0x08004b86   0x00000056   Code   RO         4014    i.xTaskCreateStatic  tasks.o
    0x08004bdc   0x08004bdc   0x0000001c   Code   RO         4018    i.xTaskGetSchedulerState  tasks.o
    0x08004bf8   0x08004bf8   0x0000000c   Code   RO         4019    i.xTaskGetTickCount  tasks.o
    0x08004c04   0x08004c04   0x000000c8   Code   RO         4021    i.xTaskIncrementTick  tasks.o
    0x08004ccc   0x08004ccc   0x00000080   Code   RO         4024    i.xTaskPriorityDisinherit  tasks.o
    0x08004d4c   0x08004d4c   0x00000070   Code   RO         4026    i.xTaskRemoveFromEventList  tasks.o
    0x08004dbc   0x08004dbc   0x000000c4   Code   RO         4027    i.xTaskResumeAll    tasks.o
    0x08004e80   0x08004e80   0x00000060   Code   RO         4337    i.xTimerCreateTimerTask  timers.o
    0x08004ee0   0x08004ee0   0x00000068   Code   RO         4338    i.xTimerGenericCommand  timers.o
    0x08004f48   0x08004f48   0x00000024   Data   RO           28    .constdata          main.o
    0x08004f6c   0x08004f6c   0x00000010   Data   RO         3375    .constdata          system_stm32f1xx.o
    0x08004f7c   0x08004f7c   0x00000008   Data   RO         3376    .constdata          system_stm32f1xx.o
    0x08004f84   0x08004f84   0x00000094   Data   RO         5141    .constdata          fft.o
    0x08005018   0x08005018   0x0000000c   Data   RO           29    .conststring        main.o
    0x08005024   0x08005024   0x00000020   Data   RO         5305    Region$$Table       anon$$obj.o


    Execution Region RW_IRAM1 (Exec base: 0x20000000, Load base: 0x08005044, Size: 0x00003b90, Max: 0x00005000, ABSOLUTE)

    Exec Addr    Load Addr    Size         Type   Attr      Idx    E Section Name        Object

    0x20000000   0x08005044   0x0000000c   Data   RW           30    .data               main.o
    0x2000000c   0x08005050   0x0000000c   Data   RW          807    .data               stm32f1xx_hal.o
    0x20000018   0x0800505c   0x00000004   Data   RW         3377    .data               system_stm32f1xx.o
    0x2000001c   0x08005060   0x0000003c   Data   RW         4030    .data               tasks.o
    0x20000058   0x0800509c   0x00000014   Data   RW         4346    .data               timers.o
    0x2000006c   0x080050b0   0x00000004   Data   RW         4543    .data               cmsis_os2.o
    0x20000070   0x080050b4   0x00000018   Data   RW         4903    .data               heap_4.o
    0x20000088   0x080050cc   0x0000000c   Data   RW         4954    .data               port.o
    0x20000094   0x080050d8   0x00000004   Data   RW         5143    .data               fft.o
    0x20000098   0x080050dc   0x00000004   Data   RW         5290    .data               mc_w.l(errno.o)
    0x2000009c        -       0x00000110   Zero   RW           26    .bss                main.o
    0x200001ac        -       0x00000044   Zero   RW           27    .bss                main.o
    0x200001f0        -       0x00000048   Zero   RW          434    .bss                stm32f1xx_hal_timebase_tim.o
    0x20000238        -       0x00000040   Zero   RW         3616    .bss                queue.o
    0x20000278        -       0x000004c4   Zero   RW         4029    .bss                tasks.o
    0x2000073c        -       0x00000118   Zero   RW         4345    .bss                timers.o
    0x20000854        -       0x000006b8   Zero   RW         4542    .bss                cmsis_os2.o
    0x20000f0c        -       0x00001800   Zero   RW         4902    .bss                heap_4.o
    0x2000270c        -       0x00000400   Zero   RW         5038    .bss                oled.o
    0x20002b0c        -       0x00000c80   Zero   RW         5140    .bss                fft.o
    0x2000378c   0x080050e0   0x00000004   PAD
    0x20003790        -       0x00000400   Zero   RW            1    STACK               startup_stm32f103xb.o


==============================================================================

Image component sizes


      Code (inc. data)   RO Data    RW Data    ZI Data      Debug   Object Name

       380         32          0          4       1720      14102   cmsis_os2.o
      1502       1008          0          0          0        292   cr4_fft_256_stm32.o
         0          0          0          0          0      20068   event_groups.o
      1766        134        148          4       3200       8667   fft.o
       460         24          0         24       6144       4539   heap_4.o
       138          0          0          0          0       3262   list.o
       714         88         48         12        340     467958   main.o
       552         28          0          0       1024       4803   oled.o
       662         70          0         12          0      10553   port.o
      1512         20          0          0         64      14108   queue.o
        36          8        236          0       1024        780   startup_stm32f103xb.o
       100         18          0         12          0       5094   stm32f1xx_hal.o
      1196         54          0          0          0       8506   stm32f1xx_hal_adc.o
       158         14          0          0          0      28074   stm32f1xx_hal_cortex.o
       656         32          0          0          0       4135   stm32f1xx_hal_dma.o
       490         34          0          0          0       2820   stm32f1xx_hal_gpio.o
       460         66          0          0          0       3460   stm32f1xx_hal_msp.o
      1336        110          0          0          0       5665   stm32f1xx_hal_rcc.o
       236         12          0          0          0       1340   stm32f1xx_hal_rcc_ex.o
       752          4          0          0          0       4286   stm32f1xx_hal_spi.o
      1090         40          0          0          0      10522   stm32f1xx_hal_tim.o
       108         12          0          0          0       2281   stm32f1xx_hal_tim_ex.o
       116         14          0          0         72       1355   stm32f1xx_hal_timebase_tim.o
       282          6          0          0          0       1844   stm32f1xx_hal_uart.o
        36         12          0          0          0       3294   stm32f1xx_it.o
         0          0          0          0          0       8876   stream_buffer.o
         2          0         24          4          0       1047   system_stm32f1xx.o
      2344        190          0         60       1220      24648   tasks.o
       912         82          0         20        280      25663   timers.o

    ----------------------------------------------------------------------
     18036       2112        488        152      15092     692042   Object Totals
         0          0         32          0          0          0   (incl. Generated)
        40          0          0          0          4          0   (incl. Padding)

    ----------------------------------------------------------------------

      Code (inc. data)   RO Data    RW Data    ZI Data      Debug   Library Member Name

        76          0          0          0          0         84   sqrt.o
         0          0          0          0          0          0   entry.o
         0          0          0          0          0          0   entry10a.o
         0          0          0          0          0          0   entry11a.o
         8          4          0          0          0          0   entry2.o
         4          0          0          0          0          0   entry5.o
         0          0          0          0          0          0   entry7b.o
         0          0          0          0          0          0   entry8b.o
         8          4          0          0          0          0   entry9a.o
        12          6          0          4          0         68   errno.o
        30          0          0          0          0          0   handlers.o
        36          8          0          0          0         68   init.o
         0          0          0          0          0          0   iusefp.o
        30          0          0          0          0         68   llshl.o
        32          0          0          0          0         68   llushr.o
        36          0          0          0          0         68   memcpya.o
        36          0          0          0          0        108   memseta.o
        48          0          0          0          0         68   cdcmple.o
        48          0          0          0          0         68   cdrcmple.o
        56          0          0          0          0         88   d2f.o
       222          0          0          0          0        100   ddiv.o
       186          0          0          0          0        176   depilogue.o
        50          0          0          0          0         76   dfixui.o
        34          0          0          0          0         76   dflti.o
       228          0          0          0          0         96   dmul.o
        46          0          0          0          0         80   dscalb.o
       162          0          0          0          0        100   dsqrt.o
        38          0          0          0          0         68   f2d.o
       176          0          0          0          0        140   fadd.o
       124          0          0          0          0         88   fdiv.o
       110          0          0          0          0        168   fepilogue.o
        40          0          0          0          0         68   ffixui.o
        18          0          0          0          0         68   fflti.o
       100          0          0          0          0         76   fmul.o
        24          0          0          0          0         68   fscalb.o

    ----------------------------------------------------------------------
      2024         22          0          4          0       2204   Library Totals
         6          0          0          0          0          0   (incl. Padding)

    ----------------------------------------------------------------------

      Code (inc. data)   RO Data    RW Data    ZI Data      Debug   Library Name

        76          0          0          0          0         84   m_ws.l
       232         22          0          4          0        448   mc_w.l
      1710          0          0          0          0       1672   mf_w.l

    ----------------------------------------------------------------------
      2024         22          0          4          0       2204   Library Totals

    ----------------------------------------------------------------------

==============================================================================


      Code (inc. data)   RO Data    RW Data    ZI Data      Debug   

     20060       2134        488        156      15092     684570   Grand Totals
     20060       2134        488        156      15092     684570   ELF Image Totals
     20060       2134        488        156          0          0   ROM Totals

==============================================================================

    Total RO  Size (Code + RO Data)                20548 (  20.07kB)
    Total RW  Size (RW Data + ZI Data)             15248 (  14.89kB)
    Total ROM Size (Code + RO Data + RW Data)      20704 (  20.22kB)

==============================================================================

